Archive member included to satisfy reference by file (symbol)

c:/st/stm32cubeide_1.10.1/stm32cubeide/plugins/com.st.stm32cube.ide.mcu.externaltools.gnu-tools-for-stm32.10.3-2021.10.win32_1.0.0.202111181127/tools/bin/../lib/gcc/arm-none-eabi/10.3.1/../../../../arm-none-eabi/lib/thumb/v7e-m+fp/hard\libc_nano.a(lib_a-errno.o)
                              ./Core/Src/syscalls.o (__errno)
c:/st/stm32cubeide_1.10.1/stm32cubeide/plugins/com.st.stm32cube.ide.mcu.externaltools.gnu-tools-for-stm32.10.3-2021.10.win32_1.0.0.202111181127/tools/bin/../lib/gcc/arm-none-eabi/10.3.1/../../../../arm-none-eabi/lib/thumb/v7e-m+fp/hard\libc_nano.a(lib_a-exit.o)
                              c:/st/stm32cubeide_1.10.1/stm32cubeide/plugins/com.st.stm32cube.ide.mcu.externaltools.gnu-tools-for-stm32.10.3-2021.10.win32_1.0.0.202111181127/tools/bin/../lib/gcc/arm-none-eabi/10.3.1/../../../../arm-none-eabi/lib/thumb/v7e-m+fp/hard/crt0.o (exit)
c:/st/stm32cubeide_1.10.1/stm32cubeide/plugins/com.st.stm32cube.ide.mcu.externaltools.gnu-tools-for-stm32.10.3-2021.10.win32_1.0.0.202111181127/tools/bin/../lib/gcc/arm-none-eabi/10.3.1/../../../../arm-none-eabi/lib/thumb/v7e-m+fp/hard\libc_nano.a(lib_a-impure.o)
                              c:/st/stm32cubeide_1.10.1/stm32cubeide/plugins/com.st.stm32cube.ide.mcu.externaltools.gnu-tools-for-stm32.10.3-2021.10.win32_1.0.0.202111181127/tools/bin/../lib/gcc/arm-none-eabi/10.3.1/../../../../arm-none-eabi/lib/thumb/v7e-m+fp/hard\libc_nano.a(lib_a-exit.o) (_global_impure_ptr)
c:/st/stm32cubeide_1.10.1/stm32cubeide/plugins/com.st.stm32cube.ide.mcu.externaltools.gnu-tools-for-stm32.10.3-2021.10.win32_1.0.0.202111181127/tools/bin/../lib/gcc/arm-none-eabi/10.3.1/../../../../arm-none-eabi/lib/thumb/v7e-m+fp/hard\libc_nano.a(lib_a-init.o)
                              c:/st/stm32cubeide_1.10.1/stm32cubeide/plugins/com.st.stm32cube.ide.mcu.externaltools.gnu-tools-for-stm32.10.3-2021.10.win32_1.0.0.202111181127/tools/bin/../lib/gcc/arm-none-eabi/10.3.1/../../../../arm-none-eabi/lib/thumb/v7e-m+fp/hard/crt0.o (__libc_init_array)
c:/st/stm32cubeide_1.10.1/stm32cubeide/plugins/com.st.stm32cube.ide.mcu.externaltools.gnu-tools-for-stm32.10.3-2021.10.win32_1.0.0.202111181127/tools/bin/../lib/gcc/arm-none-eabi/10.3.1/../../../../arm-none-eabi/lib/thumb/v7e-m+fp/hard\libc_nano.a(lib_a-memcpy-stub.o)
                              ./Middlewares/Third_Party/FreeRTOS/Source/queue.o (memcpy)
c:/st/stm32cubeide_1.10.1/stm32cubeide/plugins/com.st.stm32cube.ide.mcu.externaltools.gnu-tools-for-stm32.10.3-2021.10.win32_1.0.0.202111181127/tools/bin/../lib/gcc/arm-none-eabi/10.3.1/../../../../arm-none-eabi/lib/thumb/v7e-m+fp/hard\libc_nano.a(lib_a-memset.o)
                              c:/st/stm32cubeide_1.10.1/stm32cubeide/plugins/com.st.stm32cube.ide.mcu.externaltools.gnu-tools-for-stm32.10.3-2021.10.win32_1.0.0.202111181127/tools/bin/../lib/gcc/arm-none-eabi/10.3.1/../../../../arm-none-eabi/lib/thumb/v7e-m+fp/hard/crt0.o (memset)
c:/st/stm32cubeide_1.10.1/stm32cubeide/plugins/com.st.stm32cube.ide.mcu.externaltools.gnu-tools-for-stm32.10.3-2021.10.win32_1.0.0.202111181127/tools/bin/../lib/gcc/arm-none-eabi/10.3.1/../../../../arm-none-eabi/lib/thumb/v7e-m+fp/hard\libc_nano.a(lib_a-strlen.o)
                              ./Core/Src/main.o (strlen)
c:/st/stm32cubeide_1.10.1/stm32cubeide/plugins/com.st.stm32cube.ide.mcu.externaltools.gnu-tools-for-stm32.10.3-2021.10.win32_1.0.0.202111181127/tools/bin/../lib/gcc/arm-none-eabi/10.3.1/thumb/v7e-m+fp/hard\libgcc.a(_aeabi_uldivmod.o)
                              ./Drivers/STM32G4xx_HAL_Driver/Src/stm32g4xx_hal_uart.o (__aeabi_uldivmod)
c:/st/stm32cubeide_1.10.1/stm32cubeide/plugins/com.st.stm32cube.ide.mcu.externaltools.gnu-tools-for-stm32.10.3-2021.10.win32_1.0.0.202111181127/tools/bin/../lib/gcc/arm-none-eabi/10.3.1/thumb/v7e-m+fp/hard\libgcc.a(_udivmoddi4.o)
                              c:/st/stm32cubeide_1.10.1/stm32cubeide/plugins/com.st.stm32cube.ide.mcu.externaltools.gnu-tools-for-stm32.10.3-2021.10.win32_1.0.0.202111181127/tools/bin/../lib/gcc/arm-none-eabi/10.3.1/thumb/v7e-m+fp/hard\libgcc.a(_aeabi_uldivmod.o) (__udivmoddi4)
c:/st/stm32cubeide_1.10.1/stm32cubeide/plugins/com.st.stm32cube.ide.mcu.externaltools.gnu-tools-for-stm32.10.3-2021.10.win32_1.0.0.202111181127/tools/bin/../lib/gcc/arm-none-eabi/10.3.1/thumb/v7e-m+fp/hard\libgcc.a(_dvmd_tls.o)
                              c:/st/stm32cubeide_1.10.1/stm32cubeide/plugins/com.st.stm32cube.ide.mcu.externaltools.gnu-tools-for-stm32.10.3-2021.10.win32_1.0.0.202111181127/tools/bin/../lib/gcc/arm-none-eabi/10.3.1/thumb/v7e-m+fp/hard\libgcc.a(_aeabi_uldivmod.o) (__aeabi_ldiv0)

Discarded input sections

 .text          0x0000000000000000        0x0 c:/st/stm32cubeide_1.10.1/stm32cubeide/plugins/com.st.stm32cube.ide.mcu.externaltools.gnu-tools-for-stm32.10.3-2021.10.win32_1.0.0.202111181127/tools/bin/../lib/gcc/arm-none-eabi/10.3.1/thumb/v7e-m+fp/hard/crti.o
[...]
Memory Configuration

Name             Origin             Length             Attributes
RAM              0x0000000020000000 0x0000000000020000 xrw
FLASH            0x0000000008000000 0x0000000000080000 xr
*default*        0x0000000000000000 0xffffffffffffffff

Linker script and memory map

LOAD c:/st/stm32cubeide_1.10.1/stm32cubeide/plugins/com.st.stm32cube.ide.mcu.externaltools.gnu-tools-for-stm32.10.3-2021.10.win32_1.0.0.202111181127/tools/bin/../lib/gcc/arm-none-eabi/10.3.1/thumb/v7e-m+fp/hard/crti.o
LOAD c:/st/stm32cubeide_1.10.1/stm32cubeide/plugins/com.st.stm32cube.ide.mcu.externaltools.gnu-tools-for-stm32.10.3-2021.10.win32_1.0.0.202111181127/tools/bin/../lib/gcc/arm-none-eabi/10.3.1/thumb/v7e-m+fp/hard/crtbegin.o
LOAD c:/st/stm32cubeide_1.10.1/stm32cubeide/plugins/com.st.stm32cube.ide.mcu.externaltools.gnu-tools-for-stm32.10.3-2021.10.win32_1.0.0.202111181127/tools/bin/../lib/gcc/arm-none-eabi/10.3.1/../../../../arm-none-eabi/lib/thumb/v7e-m+fp/hard/crt0.o
LOAD ./Core/Src/app_freertos.o
LOAD ./Core/Src/main.o
LOAD ./Core/Src/stm32g4xx_hal_msp.o
LOAD ./Core/Src/stm32g4xx_it.o
LOAD ./Core/Src/syscalls.o
LOAD ./Core/Src/sysmem.o
LOAD ./Core/Src/system_stm32g4xx.o
LOAD ./Core/Startup/startup_stm32g473retx.o
LOAD ./Drivers/STM32G4xx_HAL_Driver/Src/stm32g4xx_hal.o
LOAD ./Drivers/STM32G4xx_HAL_Driver/Src/stm32g4xx_hal_cortex.o
LOAD ./Drivers/STM32G4xx_HAL_Driver/Src/stm32g4xx_hal_dma.o
LOAD ./Drivers/STM32G4xx_HAL_Driver/Src/stm32g4xx_hal_dma_ex.o
LOAD ./Drivers/STM32G4xx_HAL_Driver/Src/stm32g4xx_hal_exti.o
LOAD ./Drivers/STM32G4xx_HAL_Driver/Src/stm32g4xx_hal_flash.o
LOAD ./Drivers/STM32G4xx_HAL_Driver/Src/stm32g4xx_hal_flash_ex.o
LOAD ./Drivers/STM32G4xx_HAL_Driver/Src/stm32g4xx_hal_flash_ramfunc.o
LOAD ./Drivers/STM32G4xx_HAL_Driver/Src/stm32g4xx_hal_gpio.o
LOAD ./Drivers/STM32G4xx_HAL_Driver/Src/stm32g4xx_hal_pwr.o
LOAD ./Drivers/STM32G4xx_HAL_Driver/Src/stm32g4xx_hal_pwr_ex.o
LOAD ./Drivers/STM32G4xx_HAL_Driver/Src/stm32g4xx_hal_rcc.o
LOAD ./Drivers/STM32G4xx_HAL_Driver/Src/stm32g4xx_hal_rcc_ex.o
LOAD ./Drivers/STM32G4xx_HAL_Driver/Src/stm32g4xx_hal_spi.o
LOAD ./Drivers/STM32G4xx_HAL_Driver/Src/stm32g4xx_hal_spi_ex.o
LOAD ./Drivers/STM32G4xx_HAL_Driver/Src/stm32g4xx_hal_tim.o
LOAD ./Drivers/STM32G4xx_HAL_Driver/Src/stm32g4xx_hal_tim_ex.o
LOAD ./Drivers/STM32G4xx_HAL_Driver/Src/stm32g4xx_hal_uart.o
LOAD ./Drivers/STM32G4xx_HAL_Driver/Src/stm32g4xx_hal_uart_ex.o
LOAD ./Middlewares/Third_Party/FreeRTOS/Source/CMSIS_RTOS/cmsis_os.o
LOAD ./Middlewares/Third_Party/FreeRTOS/Source/croutine.o
LOAD ./Middlewares/Third_Party/FreeRTOS/Source/event_groups.o
LOAD ./Middlewares/Third_Party/FreeRTOS/Source/list.o
LOAD ./Middlewares/Third_Party/FreeRTOS/Source/queue.o
LOAD ./Middlewares/Third_Party/FreeRTOS/Source/stream_buffer.o
LOAD ./Middlewares/Third_Party/FreeRTOS/Source/tasks.o
LOAD ./Middlewares/Third_Party/FreeRTOS/Source/timers.o
LOAD ./Middlewares/Third_Party/FreeRTOS/Source/portable/GCC/ARM_CM4F/port.o
LOAD ./Middlewares/Third_Party/FreeRTOS/Source/portable/MemMang/heap_4.o
START GROUP
LOAD c:/st/stm32cubeide_1.10.1/stm32cubeide/plugins/com.st.stm32cube.ide.mcu.externaltools.gnu-tools-for-stm32.10.3-2021.10.win32_1.0.0.202111181127/tools/bin/../lib/gcc/arm-none-eabi/10.3.1/../../../../arm-none-eabi/lib/thumb/v7e-m+fp/hard\libc_nano.a
LOAD c:/st/stm32cubeide_1.10.1/stm32cubeide/plugins/com.st.stm32cube.ide.mcu.externaltools.gnu-tools-for-stm32.10.3-2021.10.win32_1.0.0.202111181127/tools/bin/../lib/gcc/arm-none-eabi/10.3.1/../../../../arm-none-eabi/lib/thumb/v7e-m+fp/hard\libm.a
END GROUP
START GROUP
LOAD c:/st/stm32cubeide_1.10.1/stm32cubeide/plugins/com.st.stm32cube.ide.mcu.externaltools.gnu-tools-for-stm32.10.3-2021.10.win32_1.0.0.202111181127/tools/bin/../lib/gcc/arm-none-eabi/10.3.1/thumb/v7e-m+fp/hard\libgcc.a
LOAD c:/st/stm32cubeide_1.10.1/stm32cubeide/plugins/com.st.stm32cube.ide.mcu.externaltools.gnu-tools-for-stm32.10.3-2021.10.win32_1.0.0.202111181127/tools/bin/../lib/gcc/arm-none-eabi/10.3.1/../../../../arm-none-eabi/lib/thumb/v7e-m+fp/hard\libc_nano.a
END GROUP
START GROUP
LOAD c:/st/stm32cubeide_1.10.1/stm32cubeide/plugins/com.st.stm32cube.ide.mcu.externaltools.gnu-tools-for-stm32.10.3-2021.10.win32_1.0.0.202111181127/tools/bin/../lib/gcc/arm-none-eabi/10.3.1/thumb/v7e-m+fp/hard\libgcc.a
LOAD c:/st/stm32cubeide_1.10.1/stm32cubeide/plugins/com.st.stm32cube.ide.mcu.externaltools.gnu-tools-for-stm32.10.3-2021.10.win32_1.0.0.202111181127/tools/bin/../lib/gcc/arm-none-eabi/10.3.1/../../../../arm-none-eabi/lib/thumb/v7e-m+fp/hard\libc_nano.a
LOAD c:/st/stm32cubeide_1.10.1/stm32cubeide/plugins/com.st.stm32cube.ide.mcu.externaltools.gnu-tools-for-stm32.10.3-2021.10.win32_1.0.0.202111181127/tools/bin/../lib/gcc/arm-none-eabi/10.3.1/../../../../arm-none-eabi/lib/thumb/v7e-m+fp/hard\libnosys.a
END GROUP
START GROUP
LOAD c:/st/stm32cubeide_1.10.1/stm32cubeide/plugins/com.st.stm32cube.ide.mcu.externaltools.gnu-tools-for-stm32.10.3-2021.10.win32_1.0.0.202111181127/tools/bin/../lib/gcc/arm-none-eabi/10.3.1/thumb/v7e-m+fp/hard\libgcc.a
LOAD c:/st/stm32cubeide_1.10.1/stm32cubeide/plugins/com.st.stm32cube.ide.mcu.externaltools.gnu-tools-for-stm32.10.3-2021.10.win32_1.0.0.202111181127/tools/bin/../lib/gcc/arm-none-eabi/10.3.1/../../../../arm-none-eabi/lib/thumb/v7e-m+fp/hard\libc_nano.a
LOAD c:/st/stm32cubeide_1.10.1/stm32cubeide/plugins/com.st.stm32cube.ide.mcu.externaltools.gnu-tools-for-stm32.10.3-2021.10.win32_1.0.0.202111181127/tools/bin/../lib/gcc/arm-none-eabi/10.3.1/../../../../arm-none-eabi/lib/thumb/v7e-m+fp/hard\libnosys.a
END GROUP
LOAD c:/st/stm32cubeide_1.10.1/stm32cubeide/plugins/com.st.stm32cube.ide.mcu.externaltools.gnu-tools-for-stm32.10.3-2021.10.win32_1.0.0.202111181127/tools/bin/../lib/gcc/arm-none-eabi/10.3.1/thumb/v7e-m+fp/hard/crtend.o
LOAD c:/st/stm32cubeide_1.10.1/stm32cubeide/plugins/com.st.stm32cube.ide.mcu.externaltools.gnu-tools-for-stm32.10.3-2021.10.win32_1.0.0.202111181127/tools/bin/../lib/gcc/arm-none-eabi/10.3.1/thumb/v7e-m+fp/hard/crtn.o
                0x0000000020020000                _estack = (ORIGIN (RAM) + LENGTH (RAM))
                0x0000000000000200                _Min_Heap_Size = 0x200
                0x0000000000000400                _Min_Stack_Size = 0x400

.isr_vector     0x0000000008000000      0x1d8
                0x0000000008000000                . = ALIGN (0x4)
 *(.isr_vector)
 .isr_vector    0x0000000008000000      0x1d8 ./Core/Startup/startup_stm32g473retx.o
                0x0000000008000000                g_pfnVectors
                0x00000000080001d8                . = ALIGN (0x4)

.text           0x00000000080001e0     0x6420
                0x00000000080001e0                . = ALIGN (0x4)
 *(.text)
 .text          0x00000000080001e0       0x40 c:/st/stm32cubeide_1.10.1/stm32cubeide/plugins/com.st.stm32cube.ide.mcu.externaltools.gnu-tools-for-stm32.10.3-2021.10.win32_1.0.0.202111181127/tools/bin/../lib/gcc/arm-none-eabi/10.3.1/thumb/v7e-m+fp/hard/crtbegin.o
 .text          0x0000000008000220       0x10 c:/st/stm32cubeide_1.10.1/stm32cubeide/plugins/com.st.stm32cube.ide.mcu.externaltools.gnu-tools-for-stm32.10.3-2021.10.win32_1.0.0.202111181127/tools/bin/../lib/gcc/arm-none-eabi/10.3.1/../../../../arm-none-eabi/lib/thumb/v7e-m+fp/hard\libc_nano.a(lib_a-strlen.o)
                0x0000000008000220                strlen
 .text          0x0000000008000230       0x30 c:/st/stm32cubeide_1.10.1/stm32cubeide/plugins/com.st.stm32cube.ide.mcu.externaltools.gnu-tools-for-stm32.10.3-2021.10.win32_1.0.0.202111181127/tools/bin/../lib/gcc/arm-none-eabi/10.3.1/thumb/v7e-m+fp/hard\libgcc.a(_aeabi_uldivmod.o)
                0x0000000008000230                __aeabi_uldivmod
 .text          0x0000000008000260      0x2d0 c:/st/stm32cubeide_1.10.1/stm32cubeide/plugins/com.st.stm32cube.ide.mcu.externaltools.gnu-tools-for-stm32.10.3-2021.10.win32_1.0.0.202111181127/tools/bin/../lib/gcc/arm-none-eabi/10.3.1/thumb/v7e-m+fp/hard\libgcc.a(_udivmoddi4.o)
                0x0000000008000260                __udivmoddi4
 .text          0x0000000008000530        0x4 c:/st/stm32cubeide_1.10.1/stm32cubeide/plugins/com.st.stm32cube.ide.mcu.externaltools.gnu-tools-for-stm32.10.3-2021.10.win32_1.0.0.202111181127/tools/bin/../lib/gcc/arm-none-eabi/10.3.1/thumb/v7e-m+fp/hard\libgcc.a(_dvmd_tls.o)
                0x0000000008000530                __aeabi_idiv0
                0x0000000008000530                __aeabi_ldiv0
 *(.text*)
 .text.vApplicationIdleHook
                0x0000000008000534        0xe ./Core/Src/app_freertos.o
                0x0000000008000534                vApplicationIdleHook
 .text.vApplicationTickHook
                0x0000000008000542        0xe ./Core/Src/app_freertos.o
                0x0000000008000542                vApplicationTickHook
 .text.vApplicationMallocFailedHook
                0x0000000008000550        0xe ./Core/Src/app_freertos.o
                0x0000000008000550                vApplicationMallocFailedHook
 *fill*         0x000000000800055e        0x2 
 .text.main     0x0000000008000560       0x68 ./Core/Src/main.o
                0x0000000008000560                main
 .text.SystemClock_Config
                0x00000000080005c8       0x80 ./Core/Src/main.o
                0x00000000080005c8                SystemClock_Config
 .text.MX_LPUART1_UART_Init
                0x0000000008000648       0xb4 ./Core/Src/main.o
 .text.MX_SPI2_Init
                0x00000000080006fc       0x7c ./Core/Src/main.o
 .text.MX_DMA_Init
                0x0000000008000778       0x84 ./Core/Src/main.o
 .text.MX_GPIO_Init
                0x00000000080007fc       0xac ./Core/Src/main.o
 .text.StartDefaultTask
                0x00000000080008a8       0x58 ./Core/Src/main.o
                0x00000000080008a8                StartDefaultTask
 .text.Error_Handler
                0x0000000008000900        0xa ./Core/Src/main.o
                0x0000000008000900                Error_Handler
 *fill*         0x000000000800090a        0x2 
 .text.HAL_MspInit
                0x000000000800090c       0x64 ./Core/Src/stm32g4xx_hal_msp.o
                0x000000000800090c                HAL_MspInit
 .text.HAL_UART_MspInit
                0x0000000008000970      0x178 ./Core/Src/stm32g4xx_hal_msp.o
                0x0000000008000970                HAL_UART_MspInit
 .text.HAL_SPI_MspInit
                0x0000000008000ae8      0x18c ./Core/Src/stm32g4xx_hal_msp.o
                0x0000000008000ae8                HAL_SPI_MspInit
 .text.NMI_Handler
                0x0000000008000c74        0x6 ./Core/Src/stm32g4xx_it.o
                0x0000000008000c74                NMI_Handler
 .text.HardFault_Handler
                0x0000000008000c7a        0x6 ./Core/Src/stm32g4xx_it.o
                0x0000000008000c7a                HardFault_Handler
 .text.MemManage_Handler
                0x0000000008000c80        0x6 ./Core/Src/stm32g4xx_it.o
                0x0000000008000c80                MemManage_Handler
 .text.BusFault_Handler
                0x0000000008000c86        0x6 ./Core/Src/stm32g4xx_it.o
                0x0000000008000c86                BusFault_Handler
 .text.UsageFault_Handler
                0x0000000008000c8c        0x6 ./Core/Src/stm32g4xx_it.o
                0x0000000008000c8c                UsageFault_Handler
 .text.DebugMon_Handler
                0x0000000008000c92        0xe ./Core/Src/stm32g4xx_it.o
                0x0000000008000c92                DebugMon_Handler
 .text.SysTick_Handler
                0x0000000008000ca0       0x1a ./Core/Src/stm32g4xx_it.o
                0x0000000008000ca0                SysTick_Handler
 *fill*         0x0000000008000cba        0x2 
 .text.DMA1_Channel1_IRQHandler
                0x0000000008000cbc       0x14 ./Core/Src/stm32g4xx_it.o
                0x0000000008000cbc                DMA1_Channel1_IRQHandler
 .text.DMA1_Channel2_IRQHandler
                0x0000000008000cd0       0x14 ./Core/Src/stm32g4xx_it.o
                0x0000000008000cd0                DMA1_Channel2_IRQHandler
 .text.DMA1_Channel3_IRQHandler
                0x0000000008000ce4       0x14 ./Core/Src/stm32g4xx_it.o
                0x0000000008000ce4                DMA1_Channel3_IRQHandler
 .text.DMA1_Channel4_IRQHandler
                0x0000000008000cf8       0x14 ./Core/Src/stm32g4xx_it.o
                0x0000000008000cf8                DMA1_Channel4_IRQHandler
 .text.SPI2_IRQHandler
                0x0000000008000d0c       0x14 ./Core/Src/stm32g4xx_it.o
                0x0000000008000d0c                SPI2_IRQHandler
 .text.FPU_IRQHandler
                0x0000000008000d20        0xe ./Core/Src/stm32g4xx_it.o
                0x0000000008000d20                FPU_IRQHandler
 *fill*         0x0000000008000d2e        0x2 
 .text.LPUART1_IRQHandler
                0x0000000008000d30       0x14 ./Core/Src/stm32g4xx_it.o
                0x0000000008000d30                LPUART1_IRQHandler
 .text.SystemInit
                0x0000000008000d44       0x24 ./Core/Src/system_stm32g4xx.o
                0x0000000008000d44                SystemInit
 .text.Reset_Handler
                0x0000000008000d68       0x50 ./Core/Startup/startup_stm32g473retx.o
                0x0000000008000d68                Reset_Handler
 .text.Default_Handler
                0x0000000008000db8        0x2 ./Core/Startup/startup_stm32g473retx.o
                0x0000000008000db8                RTC_Alarm_IRQHandler
                0x0000000008000db8                EXTI2_IRQHandler
                0x0000000008000db8                TIM8_TRG_COM_IRQHandler
                0x0000000008000db8                TIM8_CC_IRQHandler
                0x0000000008000db8                SPI4_IRQHandler
                0x0000000008000db8                FDCAN3_IT0_IRQHandler
                0x0000000008000db8                TIM1_CC_IRQHandler
                0x0000000008000db8                USB_HP_IRQHandler
                0x0000000008000db8                CORDIC_IRQHandler
                0x0000000008000db8                DMA2_Channel8_IRQHandler
                0x0000000008000db8                EXTI3_IRQHandler
                0x0000000008000db8                I2C3_ER_IRQHandler
                0x0000000008000db8                EXTI0_IRQHandler
                0x0000000008000db8                I2C2_EV_IRQHandler
                0x0000000008000db8                FDCAN1_IT1_IRQHandler
                0x0000000008000db8                TIM1_UP_TIM16_IRQHandler
                0x0000000008000db8                ADC1_2_IRQHandler
                0x0000000008000db8                SPI1_IRQHandler
                0x0000000008000db8                TIM6_DAC_IRQHandler
                0x0000000008000db8                TIM8_UP_IRQHandler
                0x0000000008000db8                DMA2_Channel2_IRQHandler
                0x0000000008000db8                TIM20_TRG_COM_IRQHandler
                0x0000000008000db8                USART3_IRQHandler
                0x0000000008000db8                DMA1_Channel7_IRQHandler
                0x0000000008000db8                UART5_IRQHandler
                0x0000000008000db8                ADC3_IRQHandler
                0x0000000008000db8                TIM4_IRQHandler
                0x0000000008000db8                DMA2_Channel1_IRQHandler
                0x0000000008000db8                QUADSPI_IRQHandler
                0x0000000008000db8                I2C1_EV_IRQHandler
                0x0000000008000db8                DMA1_Channel6_IRQHandler
                0x0000000008000db8                UART4_IRQHandler
                0x0000000008000db8                DMA2_Channel4_IRQHandler
                0x0000000008000db8                TIM3_IRQHandler
                0x0000000008000db8                RCC_IRQHandler
                0x0000000008000db8                TIM20_UP_IRQHandler
                0x0000000008000db8                Default_Handler
                0x0000000008000db8                DMA2_Channel7_IRQHandler
                0x0000000008000db8                RTC_TAMP_LSECSS_IRQHandler
                0x0000000008000db8                FMAC_IRQHandler
                0x0000000008000db8                EXTI15_10_IRQHandler
                0x0000000008000db8                DMA1_Channel8_IRQHandler
                0x0000000008000db8                TIM7_DAC_IRQHandler
                0x0000000008000db8                FDCAN3_IT1_IRQHandler
                0x0000000008000db8                TIM5_IRQHandler
                0x0000000008000db8                UCPD1_IRQHandler
                0x0000000008000db8                I2C3_EV_IRQHandler
                0x0000000008000db8                EXTI9_5_IRQHandler
                0x0000000008000db8                RTC_WKUP_IRQHandler
                0x0000000008000db8                PVD_PVM_IRQHandler
                0x0000000008000db8                ADC5_IRQHandler
                0x0000000008000db8                DMA2_Channel5_IRQHandler
                0x0000000008000db8                CRS_IRQHandler
                0x0000000008000db8                DMA1_Channel5_IRQHandler
                0x0000000008000db8                USB_LP_IRQHandler
                0x0000000008000db8                EXTI4_IRQHandler
                0x0000000008000db8                RNG_IRQHandler
                0x0000000008000db8                TIM1_TRG_COM_TIM17_IRQHandler
                0x0000000008000db8                FDCAN2_IT1_IRQHandler
                0x0000000008000db8                ADC4_IRQHandler
                0x0000000008000db8                WWDG_IRQHandler
                0x0000000008000db8                I2C4_EV_IRQHandler
                0x0000000008000db8                FDCAN2_IT0_IRQHandler
                0x0000000008000db8                DMA2_Channel6_IRQHandler
                0x0000000008000db8                FDCAN1_IT0_IRQHandler
                0x0000000008000db8                TIM2_IRQHandler
                0x0000000008000db8                COMP7_IRQHandler
                0x0000000008000db8                COMP1_2_3_IRQHandler
                0x0000000008000db8                EXTI1_IRQHandler
                0x0000000008000db8                USART2_IRQHandler
                0x0000000008000db8                COMP4_5_6_IRQHandler
                0x0000000008000db8                TIM20_BRK_IRQHandler
                0x0000000008000db8                I2C2_ER_IRQHandler
                0x0000000008000db8                TIM8_BRK_IRQHandler
                0x0000000008000db8                FLASH_IRQHandler
                0x0000000008000db8                TIM20_CC_IRQHandler
                0x0000000008000db8                USART1_IRQHandler
                0x0000000008000db8                SPI3_IRQHandler
                0x0000000008000db8                I2C1_ER_IRQHandler
                0x0000000008000db8                FMC_IRQHandler
                0x0000000008000db8                LPTIM1_IRQHandler
                0x0000000008000db8                DMAMUX_OVR_IRQHandler
                0x0000000008000db8                I2C4_ER_IRQHandler
                0x0000000008000db8                USBWakeUp_IRQHandler
                0x0000000008000db8                SAI1_IRQHandler
                0x0000000008000db8                DMA2_Channel3_IRQHandler
                0x0000000008000db8                TIM1_BRK_TIM15_IRQHandler
 .text.HAL_Init
                0x0000000008000dba       0x30 ./Drivers/STM32G4xx_HAL_Driver/Src/stm32g4xx_hal.o
                0x0000000008000dba                HAL_Init
 *fill*         0x0000000008000dea        0x2 
 .text.HAL_InitTick
                0x0000000008000dec       0x74 ./Drivers/STM32G4xx_HAL_Driver/Src/stm32g4xx_hal.o
                0x0000000008000dec                HAL_InitTick
 .text.HAL_IncTick
                0x0000000008000e60       0x24 ./Drivers/STM32G4xx_HAL_Driver/Src/stm32g4xx_hal.o
                0x0000000008000e60                HAL_IncTick
 .text.HAL_GetTick
                0x0000000008000e84       0x18 ./Drivers/STM32G4xx_HAL_Driver/Src/stm32g4xx_hal.o
                0x0000000008000e84                HAL_GetTick
 .text.__NVIC_SetPriorityGrouping
                0x0000000008000e9c       0x48 ./Drivers/STM32G4xx_HAL_Driver/Src/stm32g4xx_hal_cortex.o
 .text.__NVIC_GetPriorityGrouping
                0x0000000008000ee4       0x1c ./Drivers/STM32G4xx_HAL_Driver/Src/stm32g4xx_hal_cortex.o
 .text.__NVIC_EnableIRQ
                0x0000000008000f00       0x3c ./Drivers/STM32G4xx_HAL_Driver/Src/stm32g4xx_hal_cortex.o
 .text.__NVIC_SetPriority
                0x0000000008000f3c       0x54 ./Drivers/STM32G4xx_HAL_Driver/Src/stm32g4xx_hal_cortex.o
 .text.NVIC_EncodePriority
                0x0000000008000f90       0x66 ./Drivers/STM32G4xx_HAL_Driver/Src/stm32g4xx_hal_cortex.o
 *fill*         0x0000000008000ff6        0x2 
 .text.SysTick_Config
                0x0000000008000ff8       0x44 ./Drivers/STM32G4xx_HAL_Driver/Src/stm32g4xx_hal_cortex.o
 .text.HAL_NVIC_SetPriorityGrouping
                0x000000000800103c       0x16 ./Drivers/STM32G4xx_HAL_Driver/Src/stm32g4xx_hal_cortex.o
                0x000000000800103c                HAL_NVIC_SetPriorityGrouping
 .text.HAL_NVIC_SetPriority
                0x0000000008001052       0x34 ./Drivers/STM32G4xx_HAL_Driver/Src/stm32g4xx_hal_cortex.o
                0x0000000008001052                HAL_NVIC_SetPriority
 .text.HAL_NVIC_EnableIRQ
                0x0000000008001086       0x1c ./Drivers/STM32G4xx_HAL_Driver/Src/stm32g4xx_hal_cortex.o
                0x0000000008001086                HAL_NVIC_EnableIRQ
 .text.HAL_SYSTICK_Config
                0x00000000080010a2       0x18 ./Drivers/STM32G4xx_HAL_Driver/Src/stm32g4xx_hal_cortex.o
                0x00000000080010a2                HAL_SYSTICK_Config
 *fill*         0x00000000080010ba        0x2 
 .text.HAL_DMA_Init
                0x00000000080010bc      0x150 ./Drivers/STM32G4xx_HAL_Driver/Src/stm32g4xx_hal_dma.o
                0x00000000080010bc                HAL_DMA_Init
 .text.HAL_DMA_Abort
                0x000000000800120c       0xb2 ./Drivers/STM32G4xx_HAL_Driver/Src/stm32g4xx_hal_dma.o
                0x000000000800120c                HAL_DMA_Abort
 .text.HAL_DMA_Abort_IT
                0x00000000080012be       0xce ./Drivers/STM32G4xx_HAL_Driver/Src/stm32g4xx_hal_dma.o
                0x00000000080012be                HAL_DMA_Abort_IT
 .text.HAL_DMA_IRQHandler
                0x000000000800138c      0x15e ./Drivers/STM32G4xx_HAL_Driver/Src/stm32g4xx_hal_dma.o
                0x000000000800138c                HAL_DMA_IRQHandler
 *fill*         0x00000000080014ea        0x2 
 .text.DMA_CalcDMAMUXChannelBaseAndMask
                0x00000000080014ec       0x7c ./Drivers/STM32G4xx_HAL_Driver/Src/stm32g4xx_hal_dma.o
 .text.DMA_CalcDMAMUXRequestGenBaseAndMask
                0x0000000008001568       0x48 ./Drivers/STM32G4xx_HAL_Driver/Src/stm32g4xx_hal_dma.o
 .text.HAL_GPIO_Init
                0x00000000080015b0      0x304 ./Drivers/STM32G4xx_HAL_Driver/Src/stm32g4xx_hal_gpio.o
                0x00000000080015b0                HAL_GPIO_Init
 .text.HAL_GPIO_WritePin
                0x00000000080018b4       0x30 ./Drivers/STM32G4xx_HAL_Driver/Src/stm32g4xx_hal_gpio.o
                0x00000000080018b4                HAL_GPIO_WritePin
 .text.HAL_GPIO_TogglePin
                0x00000000080018e4       0x34 ./Drivers/STM32G4xx_HAL_Driver/Src/stm32g4xx_hal_gpio.o
                0x00000000080018e4                HAL_GPIO_TogglePin
 .text.HAL_PWREx_ControlVoltageScaling
                0x0000000008001918      0x148 ./Drivers/STM32G4xx_HAL_Driver/Src/stm32g4xx_hal_pwr_ex.o
                0x0000000008001918                HAL_PWREx_ControlVoltageScaling
 .text.HAL_PWREx_DisableUCPDDeadBattery
                0x0000000008001a60       0x20 ./Drivers/STM32G4xx_HAL_Driver/Src/stm32g4xx_hal_pwr_ex.o
                0x0000000008001a60                HAL_PWREx_DisableUCPDDeadBattery
 .text.HAL_RCC_OscConfig
                0x0000000008001a80      0x630 ./Drivers/STM32G4xx_HAL_Driver/Src/stm32g4xx_hal_rcc.o
                0x0000000008001a80                HAL_RCC_OscConfig
 .text.HAL_RCC_ClockConfig
                0x00000000080020b0      0x278 ./Drivers/STM32G4xx_HAL_Driver/Src/stm32g4xx_hal_rcc.o
                0x00000000080020b0                HAL_RCC_ClockConfig
 .text.HAL_RCC_GetSysClockFreq
                0x0000000008002328       0xc4 ./Drivers/STM32G4xx_HAL_Driver/Src/stm32g4xx_hal_rcc.o
                0x0000000008002328                HAL_RCC_GetSysClockFreq
 .text.HAL_RCC_GetHCLKFreq
                0x00000000080023ec       0x18 ./Drivers/STM32G4xx_HAL_Driver/Src/stm32g4xx_hal_rcc.o
                0x00000000080023ec                HAL_RCC_GetHCLKFreq
 .text.HAL_RCC_GetPCLK1Freq
                0x0000000008002404       0x2c ./Drivers/STM32G4xx_HAL_Driver/Src/stm32g4xx_hal_rcc.o
                0x0000000008002404                HAL_RCC_GetPCLK1Freq
 .text.HAL_RCC_GetPCLK2Freq
                0x0000000008002430       0x2c ./Drivers/STM32G4xx_HAL_Driver/Src/stm32g4xx_hal_rcc.o
                0x0000000008002430                HAL_RCC_GetPCLK2Freq
 .text.RCC_GetSysClockFreqFromPLLSource
                0x000000000800245c       0x8c ./Drivers/STM32G4xx_HAL_Driver/Src/stm32g4xx_hal_rcc.o
 .text.HAL_RCCEx_PeriphCLKConfig
                0x00000000080024e8      0x49c ./Drivers/STM32G4xx_HAL_Driver/Src/stm32g4xx_hal_rcc_ex.o
                0x00000000080024e8                HAL_RCCEx_PeriphCLKConfig
 .text.HAL_SPI_Init
                0x0000000008002984      0x156 ./Drivers/STM32G4xx_HAL_Driver/Src/stm32g4xx_hal_spi.o
                0x0000000008002984                HAL_SPI_Init
 *fill*         0x0000000008002ada        0x2 
 .text.HAL_SPI_IRQHandler
                0x0000000008002adc      0x200 ./Drivers/STM32G4xx_HAL_Driver/Src/stm32g4xx_hal_spi.o
                0x0000000008002adc                HAL_SPI_IRQHandler
 .text.HAL_SPI_ErrorCallback
                0x0000000008002cdc       0x14 ./Drivers/STM32G4xx_HAL_Driver/Src/stm32g4xx_hal_spi.o
                0x0000000008002cdc                HAL_SPI_ErrorCallback
 .text.SPI_DMAAbortOnError
                0x0000000008002cf0       0x2a ./Drivers/STM32G4xx_HAL_Driver/Src/stm32g4xx_hal_spi.o
 .text.HAL_UART_Init
                0x0000000008002d1a       0xa0 ./Drivers/STM32G4xx_HAL_Driver/Src/stm32g4xx_hal_uart.o
                0x0000000008002d1a                HAL_UART_Init
 .text.HAL_UART_Transmit
                0x0000000008002dba      0x12c ./Drivers/STM32G4xx_HAL_Driver/Src/stm32g4xx_hal_uart.o
                0x0000000008002dba                HAL_UART_Transmit
 *fill*         0x0000000008002ee6        0x2 
 .text.HAL_UART_IRQHandler
                0x0000000008002ee8      0x630 ./Drivers/STM32G4xx_HAL_Driver/Src/stm32g4xx_hal_uart.o
                0x0000000008002ee8                HAL_UART_IRQHandler
 .text.HAL_UART_TxCpltCallback
                0x0000000008003518       0x14 ./Drivers/STM32G4xx_HAL_Driver/Src/stm32g4xx_hal_uart.o
                0x0000000008003518                HAL_UART_TxCpltCallback
 .text.HAL_UART_ErrorCallback
                0x000000000800352c       0x14 ./Drivers/STM32G4xx_HAL_Driver/Src/stm32g4xx_hal_uart.o
                0x000000000800352c                HAL_UART_ErrorCallback
 .text.HAL_UARTEx_RxEventCallback
                0x0000000008003540       0x18 ./Drivers/STM32G4xx_HAL_Driver/Src/stm32g4xx_hal_uart.o
                0x0000000008003540                HAL_UARTEx_RxEventCallback
 .text.UART_SetConfig
                0x0000000008003558      0x5f8 ./Drivers/STM32G4xx_HAL_Driver/Src/stm32g4xx_hal_uart.o
                0x0000000008003558                UART_SetConfig
 .text.UART_AdvFeatureConfig
                0x0000000008003b50      0x144 ./Drivers/STM32G4xx_HAL_Driver/Src/stm32g4xx_hal_uart.o
                0x0000000008003b50                UART_AdvFeatureConfig
 .text.UART_CheckIdleState
                0x0000000008003c94       0x96 ./Drivers/STM32G4xx_HAL_Driver/Src/stm32g4xx_hal_uart.o
                0x0000000008003c94                UART_CheckIdleState
 .text.UART_WaitOnFlagUntilTimeout
                0x0000000008003d2a      0x190 ./Drivers/STM32G4xx_HAL_Driver/Src/stm32g4xx_hal_uart.o
                0x0000000008003d2a                UART_WaitOnFlagUntilTimeout
 .text.UART_EndRxTransfer
                0x0000000008003eba       0xcc ./Drivers/STM32G4xx_HAL_Driver/Src/stm32g4xx_hal_uart.o
 .text.UART_DMAAbortOnError
                0x0000000008003f86       0x2c ./Drivers/STM32G4xx_HAL_Driver/Src/stm32g4xx_hal_uart.o
 .text.UART_EndTransmit_IT
                0x0000000008003fb2       0x56 ./Drivers/STM32G4xx_HAL_Driver/Src/stm32g4xx_hal_uart.o
 .text.HAL_UARTEx_WakeupCallback
                0x0000000008004008       0x14 ./Drivers/STM32G4xx_HAL_Driver/Src/stm32g4xx_hal_uart_ex.o
                0x0000000008004008                HAL_UARTEx_WakeupCallback
 .text.HAL_UARTEx_RxFifoFullCallback
                0x000000000800401c       0x14 ./Drivers/STM32G4xx_HAL_Driver/Src/stm32g4xx_hal_uart_ex.o
                0x000000000800401c                HAL_UARTEx_RxFifoFullCallback
 .text.HAL_UARTEx_TxFifoEmptyCallback
                0x0000000008004030       0x14 ./Drivers/STM32G4xx_HAL_Driver/Src/stm32g4xx_hal_uart_ex.o
                0x0000000008004030                HAL_UARTEx_TxFifoEmptyCallback
 .text.HAL_UARTEx_DisableFifoMode
                0x0000000008004044       0x72 ./Drivers/STM32G4xx_HAL_Driver/Src/stm32g4xx_hal_uart_ex.o
                0x0000000008004044                HAL_UARTEx_DisableFifoMode
 .text.HAL_UARTEx_SetTxFifoThreshold
                0x00000000080040b6       0x7c ./Drivers/STM32G4xx_HAL_Driver/Src/stm32g4xx_hal_uart_ex.o
                0x00000000080040b6                HAL_UARTEx_SetTxFifoThreshold
 .text.HAL_UARTEx_SetRxFifoThreshold
                0x0000000008004132       0x7c ./Drivers/STM32G4xx_HAL_Driver/Src/stm32g4xx_hal_uart_ex.o
                0x0000000008004132                HAL_UARTEx_SetRxFifoThreshold
 *fill*         0x00000000080041ae        0x2 
 .text.UARTEx_SetNbDataToProcess
                0x00000000080041b0       0x9c ./Drivers/STM32G4xx_HAL_Driver/Src/stm32g4xx_hal_uart_ex.o
 .text.makeFreeRtosPriority
                0x000000000800424c       0x30 ./Middlewares/Third_Party/FreeRTOS/Source/CMSIS_RTOS/cmsis_os.o
 .text.inHandlerMode
                0x000000000800427c       0x24 ./Middlewares/Third_Party/FreeRTOS/Source/CMSIS_RTOS/cmsis_os.o
 .text.osKernelStart
                0x00000000080042a0        0xe ./Middlewares/Third_Party/FreeRTOS/Source/CMSIS_RTOS/cmsis_os.o
                0x00000000080042a0                osKernelStart
 .text.osThreadCreate
                0x00000000080042ae       0x4e ./Middlewares/Third_Party/FreeRTOS/Source/CMSIS_RTOS/cmsis_os.o
                0x00000000080042ae                osThreadCreate
 .text.osDelay  0x00000000080042fc       0x28 ./Middlewares/Third_Party/FreeRTOS/Source/CMSIS_RTOS/cmsis_os.o
                0x00000000080042fc                osDelay
 .text.osSemaphoreCreate
                0x0000000008004324       0x3c ./Middlewares/Third_Party/FreeRTOS/Source/CMSIS_RTOS/cmsis_os.o
                0x0000000008004324                osSemaphoreCreate
 .text.osSemaphoreWait
                0x0000000008004360       0x9c ./Middlewares/Third_Party/FreeRTOS/Source/CMSIS_RTOS/cmsis_os.o
                0x0000000008004360                osSemaphoreWait
 .text.vListInitialise
                0x00000000080043fc       0x40 ./Middlewares/Third_Party/FreeRTOS/Source/list.o
                0x00000000080043fc                vListInitialise
 .text.vListInitialiseItem
                0x000000000800443c       0x1a ./Middlewares/Third_Party/FreeRTOS/Source/list.o
                0x000000000800443c                vListInitialiseItem
 .text.vListInsertEnd
                0x0000000008004456       0x48 ./Middlewares/Third_Party/FreeRTOS/Source/list.o
                0x0000000008004456                vListInsertEnd
 .text.vListInsert
                0x000000000800449e       0x72 ./Middlewares/Third_Party/FreeRTOS/Source/list.o
                0x000000000800449e                vListInsert
 .text.uxListRemove
                0x0000000008004510       0x54 ./Middlewares/Third_Party/FreeRTOS/Source/list.o
                0x0000000008004510                uxListRemove
 .text.xQueueGenericReset
                0x0000000008004564       0xd0 ./Middlewares/Third_Party/FreeRTOS/Source/queue.o
                0x0000000008004564                xQueueGenericReset
 .text.xQueueGenericCreate
                0x0000000008004634       0x6c ./Middlewares/Third_Party/FreeRTOS/Source/queue.o
                0x0000000008004634                xQueueGenericCreate
 .text.prvInitialiseNewQueue
                0x00000000080046a0       0x3e ./Middlewares/Third_Party/FreeRTOS/Source/queue.o
 *fill*         0x00000000080046de        0x2 
 .text.xQueueGenericSend
                0x00000000080046e0      0x1fc ./Middlewares/Third_Party/FreeRTOS/Source/queue.o
                0x00000000080046e0                xQueueGenericSend
 .text.xQueueSemaphoreTake
                0x00000000080048dc      0x218 ./Middlewares/Third_Party/FreeRTOS/Source/queue.o
                0x00000000080048dc                xQueueSemaphoreTake
 .text.xQueueReceiveFromISR
                0x0000000008004af4      0x100 ./Middlewares/Third_Party/FreeRTOS/Source/queue.o
                0x0000000008004af4                xQueueReceiveFromISR
 .text.prvGetDisinheritPriorityAfterTimeout
                0x0000000008004bf4       0x30 ./Middlewares/Third_Party/FreeRTOS/Source/queue.o
 .text.prvCopyDataToQueue
                0x0000000008004c24       0xd4 ./Middlewares/Third_Party/FreeRTOS/Source/queue.o
 .text.prvCopyDataFromQueue
                0x0000000008004cf8       0x4c ./Middlewares/Third_Party/FreeRTOS/Source/queue.o
 .text.prvUnlockQueue
                0x0000000008004d44       0xa4 ./Middlewares/Third_Party/FreeRTOS/Source/queue.o
 .text.prvIsQueueEmpty
                0x0000000008004de8       0x2c ./Middlewares/Third_Party/FreeRTOS/Source/queue.o
 .text.prvIsQueueFull
                0x0000000008004e14       0x30 ./Middlewares/Third_Party/FreeRTOS/Source/queue.o
 .text.xTaskCreate
                0x0000000008004e44       0x82 ./Middlewares/Third_Party/FreeRTOS/Source/tasks.o
                0x0000000008004e44                xTaskCreate
 .text.prvInitialiseNewTask
                0x0000000008004ec6      0x10e ./Middlewares/Third_Party/FreeRTOS/Source/tasks.o
 .text.prvAddNewTaskToReadyList
                0x0000000008004fd4       0xd4 ./Middlewares/Third_Party/FreeRTOS/Source/tasks.o
 .text.vTaskDelay
                0x00000000080050a8       0x68 ./Middlewares/Third_Party/FreeRTOS/Source/tasks.o
                0x00000000080050a8                vTaskDelay
 .text.vTaskStartScheduler
                0x0000000008005110       0x90 ./Middlewares/Third_Party/FreeRTOS/Source/tasks.o
                0x0000000008005110                vTaskStartScheduler
 .text.vTaskSuspendAll
                0x00000000080051a0       0x1c ./Middlewares/Third_Party/FreeRTOS/Source/tasks.o
                0x00000000080051a0                vTaskSuspendAll
 .text.xTaskResumeAll
                0x00000000080051bc      0x138 ./Middlewares/Third_Party/FreeRTOS/Source/tasks.o
                0x00000000080051bc                xTaskResumeAll
 .text.xTaskIncrementTick
                0x00000000080052f4      0x180 ./Middlewares/Third_Party/FreeRTOS/Source/tasks.o
                0x00000000080052f4                xTaskIncrementTick
 .text.vTaskSwitchContext
                0x0000000008005474       0xb8 ./Middlewares/Third_Party/FreeRTOS/Source/tasks.o
                0x0000000008005474                vTaskSwitchContext
 .text.vTaskPlaceOnEventList
                0x000000000800552c       0x48 ./Middlewares/Third_Party/FreeRTOS/Source/tasks.o
                0x000000000800552c                vTaskPlaceOnEventList
 .text.xTaskRemoveFromEventList
                0x0000000008005574       0xc4 ./Middlewares/Third_Party/FreeRTOS/Source/tasks.o
                0x0000000008005574                xTaskRemoveFromEventList
 .text.vTaskInternalSetTimeOutState
                0x0000000008005638       0x2c ./Middlewares/Third_Party/FreeRTOS/Source/tasks.o
                0x0000000008005638                vTaskInternalSetTimeOutState
 .text.xTaskCheckForTimeOut
                0x0000000008005664       0xc4 ./Middlewares/Third_Party/FreeRTOS/Source/tasks.o
                0x0000000008005664                xTaskCheckForTimeOut
 .text.vTaskMissedYield
                0x0000000008005728       0x18 ./Middlewares/Third_Party/FreeRTOS/Source/tasks.o
                0x0000000008005728                vTaskMissedYield
 .text.prvIdleTask
                0x0000000008005740       0x34 ./Middlewares/Third_Party/FreeRTOS/Source/tasks.o
 .text.prvInitialiseTaskLists
                0x0000000008005774       0x80 ./Middlewares/Third_Party/FreeRTOS/Source/tasks.o
 .text.prvCheckTasksWaitingTermination
                0x00000000080057f4       0x5c ./Middlewares/Third_Party/FreeRTOS/Source/tasks.o
 .text.prvDeleteTCB
                0x0000000008005850       0x20 ./Middlewares/Third_Party/FreeRTOS/Source/tasks.o
 .text.prvResetNextTaskUnblockTime
                0x0000000008005870       0x40 ./Middlewares/Third_Party/FreeRTOS/Source/tasks.o
 .text.xTaskGetSchedulerState
                0x00000000080058b0       0x3c ./Middlewares/Third_Party/FreeRTOS/Source/tasks.o
                0x00000000080058b0                xTaskGetSchedulerState
 .text.xTaskPriorityInherit
                0x00000000080058ec       0xec ./Middlewares/Third_Party/FreeRTOS/Source/tasks.o
                0x00000000080058ec                xTaskPriorityInherit
 .text.xTaskPriorityDisinherit
                0x00000000080059d8      0x10c ./Middlewares/Third_Party/FreeRTOS/Source/tasks.o
                0x00000000080059d8                xTaskPriorityDisinherit
 .text.vTaskPriorityDisinheritAfterTimeout
                0x0000000008005ae4      0x11c ./Middlewares/Third_Party/FreeRTOS/Source/tasks.o
                0x0000000008005ae4                vTaskPriorityDisinheritAfterTimeout
 .text.pvTaskIncrementMutexHeldCount
                0x0000000008005c00       0x28 ./Middlewares/Third_Party/FreeRTOS/Source/tasks.o
                0x0000000008005c00                pvTaskIncrementMutexHeldCount
 .text.prvAddCurrentTaskToDelayedList
                0x0000000008005c28       0xcc ./Middlewares/Third_Party/FreeRTOS/Source/tasks.o
 .text.pxPortInitialiseStack
                0x0000000008005cf4       0x68 ./Middlewares/Third_Party/FreeRTOS/Source/portable/GCC/ARM_CM4F/port.o
                0x0000000008005cf4                pxPortInitialiseStack
 .text.prvTaskExitError
                0x0000000008005d5c       0x58 ./Middlewares/Third_Party/FreeRTOS/Source/portable/GCC/ARM_CM4F/port.o
 *fill*         0x0000000008005db4        0xc 
 .text.SVC_Handler
                0x0000000008005dc0       0x28 ./Middlewares/Third_Party/FreeRTOS/Source/portable/GCC/ARM_CM4F/port.o
                0x0000000008005dc0                SVC_Handler
 .text.prvPortStartFirstTask
                0x0000000008005de8       0x28 ./Middlewares/Third_Party/FreeRTOS/Source/portable/GCC/ARM_CM4F/port.o
 .text.xPortStartScheduler
                0x0000000008005e10      0x144 ./Middlewares/Third_Party/FreeRTOS/Source/portable/GCC/ARM_CM4F/port.o
                0x0000000008005e10                xPortStartScheduler
 .text.vPortEnterCritical
                0x0000000008005f54       0x60 ./Middlewares/Third_Party/FreeRTOS/Source/portable/GCC/ARM_CM4F/port.o
                0x0000000008005f54                vPortEnterCritical
 .text.vPortExitCritical
                0x0000000008005fb4       0x54 ./Middlewares/Third_Party/FreeRTOS/Source/portable/GCC/ARM_CM4F/port.o
                0x0000000008005fb4                vPortExitCritical
 *fill*         0x0000000008006008        0x8 
 .text.PendSV_Handler
                0x0000000008006010       0x68 ./Middlewares/Third_Party/FreeRTOS/Source/portable/GCC/ARM_CM4F/port.o
                0x0000000008006010                PendSV_Handler
 .text.xPortSysTickHandler
                0x0000000008006078       0x44 ./Middlewares/Third_Party/FreeRTOS/Source/portable/GCC/ARM_CM4F/port.o
                0x0000000008006078                xPortSysTickHandler
 .text.vPortSetupTimerInterrupt
                0x00000000080060bc       0x48 ./Middlewares/Third_Party/FreeRTOS/Source/portable/GCC/ARM_CM4F/port.o
                0x00000000080060bc                vPortSetupTimerInterrupt
 .text.vPortEnableVFP
                0x0000000008006104       0x14 ./Middlewares/Third_Party/FreeRTOS/Source/portable/GCC/ARM_CM4F/port.o
 .text.vPortValidateInterruptPriority
                0x0000000008006118       0x80 ./Middlewares/Third_Party/FreeRTOS/Source/portable/GCC/ARM_CM4F/port.o
                0x0000000008006118                vPortValidateInterruptPriority
 .text.pvPortMalloc
                0x0000000008006198      0x1a0 ./Middlewares/Third_Party/FreeRTOS/Source/portable/MemMang/heap_4.o
                0x0000000008006198                pvPortMalloc
 .text.vPortFree
                0x0000000008006338       0xc4 ./Middlewares/Third_Party/FreeRTOS/Source/portable/MemMang/heap_4.o
                0x0000000008006338                vPortFree
 .text.prvHeapInit
                0x00000000080063fc       0xc4 ./Middlewares/Third_Party/FreeRTOS/Source/portable/MemMang/heap_4.o
 .text.prvInsertBlockIntoFreeList
                0x00000000080064c0       0xb4 ./Middlewares/Third_Party/FreeRTOS/Source/portable/MemMang/heap_4.o
 .text.__libc_init_array
                0x0000000008006574       0x48 c:/st/stm32cubeide_1.10.1/stm32cubeide/plugins/com.st.stm32cube.ide.mcu.externaltools.gnu-tools-for-stm32.10.3-2021.10.win32_1.0.0.202111181127/tools/bin/../lib/gcc/arm-none-eabi/10.3.1/../../../../arm-none-eabi/lib/thumb/v7e-m+fp/hard\libc_nano.a(lib_a-init.o)
                0x0000000008006574                __libc_init_array
 .text.memcpy   0x00000000080065bc       0x1c c:/st/stm32cubeide_1.10.1/stm32cubeide/plugins/com.st.stm32cube.ide.mcu.externaltools.gnu-tools-for-stm32.10.3-2021.10.win32_1.0.0.202111181127/tools/bin/../lib/gcc/arm-none-eabi/10.3.1/../../../../arm-none-eabi/lib/thumb/v7e-m+fp/hard\libc_nano.a(lib_a-memcpy-stub.o)
                0x00000000080065bc                memcpy
 .text.memset   0x00000000080065d8       0x10 c:/st/stm32cubeide_1.10.1/stm32cubeide/plugins/com.st.stm32cube.ide.mcu.externaltools.gnu-tools-for-stm32.10.3-2021.10.win32_1.0.0.202111181127/tools/bin/../lib/gcc/arm-none-eabi/10.3.1/../../../../arm-none-eabi/lib/thumb/v7e-m+fp/hard\libc_nano.a(lib_a-memset.o)
                0x00000000080065d8                memset
 *(.glue_7)
 .glue_7        0x00000000080065e8        0x0 linker stubs
 *(.glue_7t)
 .glue_7t       0x00000000080065e8        0x0 linker stubs
 *(.eh_frame)
 .eh_frame      0x00000000080065e8        0x0 c:/st/stm32cubeide_1.10.1/stm32cubeide/plugins/com.st.stm32cube.ide.mcu.externaltools.gnu-tools-for-stm32.10.3-2021.10.win32_1.0.0.202111181127/tools/bin/../lib/gcc/arm-none-eabi/10.3.1/thumb/v7e-m+fp/hard/crtbegin.o
 *(.init)
 .init          0x00000000080065e8        0x4 c:/st/stm32cubeide_1.10.1/stm32cubeide/plugins/com.st.stm32cube.ide.mcu.externaltools.gnu-tools-for-stm32.10.3-2021.10.win32_1.0.0.202111181127/tools/bin/../lib/gcc/arm-none-eabi/10.3.1/thumb/v7e-m+fp/hard/crti.o
                0x00000000080065e8                _init
 .init          0x00000000080065ec        0x8 c:/st/stm32cubeide_1.10.1/stm32cubeide/plugins/com.st.stm32cube.ide.mcu.externaltools.gnu-tools-for-stm32.10.3-2021.10.win32_1.0.0.202111181127/tools/bin/../lib/gcc/arm-none-eabi/10.3.1/thumb/v7e-m+fp/hard/crtn.o
 *(.fini)
 .fini          0x00000000080065f4        0x4 c:/st/stm32cubeide_1.10.1/stm32cubeide/plugins/com.st.stm32cube.ide.mcu.externaltools.gnu-tools-for-stm32.10.3-2021.10.win32_1.0.0.202111181127/tools/bin/../lib/gcc/arm-none-eabi/10.3.1/thumb/v7e-m+fp/hard/crti.o
                0x00000000080065f4                _fini
 .fini          0x00000000080065f8        0x8 c:/st/stm32cubeide_1.10.1/stm32cubeide/plugins/com.st.stm32cube.ide.mcu.externaltools.gnu-tools-for-stm32.10.3-2021.10.win32_1.0.0.202111181127/tools/bin/../lib/gcc/arm-none-eabi/10.3.1/thumb/v7e-m+fp/hard/crtn.o
                0x0000000008006600                . = ALIGN (0x4)
                0x0000000008006600                _etext = .

.vfp11_veneer   0x0000000008006600        0x0
 .vfp11_veneer  0x0000000008006600        0x0 linker stubs

.v4_bx          0x0000000008006600        0x0
 .v4_bx         0x0000000008006600        0x0 linker stubs

.iplt           0x0000000008006600        0x0
 .iplt          0x0000000008006600        0x0 c:/st/stm32cubeide_1.10.1/stm32cubeide/plugins/com.st.stm32cube.ide.mcu.externaltools.gnu-tools-for-stm32.10.3-2021.10.win32_1.0.0.202111181127/tools/bin/../lib/gcc/arm-none-eabi/10.3.1/thumb/v7e-m+fp/hard/crtbegin.o

.rodata         0x0000000008006600       0x7c
                0x0000000008006600                . = ALIGN (0x4)
 *(.rodata)
 .rodata        0x0000000008006600       0x34 ./Core/Src/main.o
 .rodata        0x0000000008006634        0x5 ./Middlewares/Third_Party/FreeRTOS/Source/tasks.o
 *(.rodata*)
 *fill*         0x0000000008006639        0x3 
 .rodata.AHBPrescTable
                0x000000000800663c       0x10 ./Core/Src/system_stm32g4xx.o
                0x000000000800663c                AHBPrescTable
 .rodata.APBPrescTable
                0x000000000800664c        0x8 ./Core/Src/system_stm32g4xx.o
                0x000000000800664c                APBPrescTable
 .rodata.UARTPrescTable
                0x0000000008006654       0x18 ./Drivers/STM32G4xx_HAL_Driver/Src/stm32g4xx_hal_uart.o
                0x0000000008006654                UARTPrescTable
 .rodata.numerator.1
                0x000000000800666c        0x8 ./Drivers/STM32G4xx_HAL_Driver/Src/stm32g4xx_hal_uart_ex.o
 .rodata.denominator.0
                0x0000000008006674        0x8 ./Drivers/STM32G4xx_HAL_Driver/Src/stm32g4xx_hal_uart_ex.o
                0x000000000800667c                . = ALIGN (0x4)

.ARM.extab
 *(.ARM.extab* .gnu.linkonce.armextab.*)

.ARM.exidx      0x000000000800667c        0x8
                0x000000000800667c                __exidx_start = .
 *(.ARM.exidx* .gnu.linkonce.armexidx.*)
 .ARM.exidx     0x000000000800667c        0x8 c:/st/stm32cubeide_1.10.1/stm32cubeide/plugins/com.st.stm32cube.ide.mcu.externaltools.gnu-tools-for-stm32.10.3-2021.10.win32_1.0.0.202111181127/tools/bin/../lib/gcc/arm-none-eabi/10.3.1/thumb/v7e-m+fp/hard\libgcc.a(_udivmoddi4.o)
                0x0000000008006684                __exidx_end = .

.rel.dyn        0x0000000008006684        0x0
 .rel.iplt      0x0000000008006684        0x0 c:/st/stm32cubeide_1.10.1/stm32cubeide/plugins/com.st.stm32cube.ide.mcu.externaltools.gnu-tools-for-stm32.10.3-2021.10.win32_1.0.0.202111181127/tools/bin/../lib/gcc/arm-none-eabi/10.3.1/thumb/v7e-m+fp/hard/crtbegin.o

.ARM            0x0000000008006684      0x5f8
 *(.ARM*)
 .ARM.attributes
                0x0000000008006684       0x1e c:/st/stm32cubeide_1.10.1/stm32cubeide/plugins/com.st.stm32cube.ide.mcu.externaltools.gnu-tools-for-stm32.10.3-2021.10.win32_1.0.0.202111181127/tools/bin/../lib/gcc/arm-none-eabi/10.3.1/thumb/v7e-m+fp/hard/crti.o
 .ARM.attributes
                0x00000000080066a2       0x34 c:/st/stm32cubeide_1.10.1/stm32cubeide/plugins/com.st.stm32cube.ide.mcu.externaltools.gnu-tools-for-stm32.10.3-2021.10.win32_1.0.0.202111181127/tools/bin/../lib/gcc/arm-none-eabi/10.3.1/thumb/v7e-m+fp/hard/crtbegin.o
 .ARM.attributes
                0x00000000080066d6       0x34 ./Core/Src/app_freertos.o
 .ARM.attributes
                0x000000000800670a       0x34 ./Core/Src/main.o
 .ARM.attributes
                0x000000000800673e       0x34 ./Core/Src/stm32g4xx_hal_msp.o
 .ARM.attributes
                0x0000000008006772       0x34 ./Core/Src/stm32g4xx_it.o
 .ARM.attributes
                0x00000000080067a6       0x34 ./Core/Src/system_stm32g4xx.o
 .ARM.attributes
                0x00000000080067da       0x21 ./Core/Startup/startup_stm32g473retx.o
 .ARM.attributes
                0x00000000080067fb       0x34 ./Drivers/STM32G4xx_HAL_Driver/Src/stm32g4xx_hal.o
 .ARM.attributes
                0x000000000800682f       0x34 ./Drivers/STM32G4xx_HAL_Driver/Src/stm32g4xx_hal_cortex.o
 .ARM.attributes
                0x0000000008006863       0x34 ./Drivers/STM32G4xx_HAL_Driver/Src/stm32g4xx_hal_dma.o
 .ARM.attributes
                0x0000000008006897       0x34 ./Drivers/STM32G4xx_HAL_Driver/Src/stm32g4xx_hal_gpio.o
 .ARM.attributes
                0x00000000080068cb       0x34 ./Drivers/STM32G4xx_HAL_Driver/Src/stm32g4xx_hal_pwr_ex.o
 .ARM.attributes
                0x00000000080068ff       0x34 ./Drivers/STM32G4xx_HAL_Driver/Src/stm32g4xx_hal_rcc.o
 .ARM.attributes
                0x0000000008006933       0x34 ./Drivers/STM32G4xx_HAL_Driver/Src/stm32g4xx_hal_rcc_ex.o
 .ARM.attributes
                0x0000000008006967       0x34 ./Drivers/STM32G4xx_HAL_Driver/Src/stm32g4xx_hal_spi.o
 .ARM.attributes
                0x000000000800699b       0x34 ./Drivers/STM32G4xx_HAL_Driver/Src/stm32g4xx_hal_uart.o
 .ARM.attributes
                0x00000000080069cf       0x34 ./Drivers/STM32G4xx_HAL_Driver/Src/stm32g4xx_hal_uart_ex.o
 .ARM.attributes
                0x0000000008006a03       0x34 ./Middlewares/Third_Party/FreeRTOS/Source/CMSIS_RTOS/cmsis_os.o
 .ARM.attributes
                0x0000000008006a37       0x34 ./Middlewares/Third_Party/FreeRTOS/Source/list.o
 .ARM.attributes
                0x0000000008006a6b       0x34 ./Middlewares/Third_Party/FreeRTOS/Source/queue.o
 .ARM.attributes
                0x0000000008006a9f       0x34 ./Middlewares/Third_Party/FreeRTOS/Source/tasks.o
 .ARM.attributes
                0x0000000008006ad3       0x34 ./Middlewares/Third_Party/FreeRTOS/Source/portable/GCC/ARM_CM4F/port.o
 .ARM.attributes
                0x0000000008006b07       0x34 ./Middlewares/Third_Party/FreeRTOS/Source/portable/MemMang/heap_4.o
 .ARM.attributes
                0x0000000008006b3b       0x34 c:/st/stm32cubeide_1.10.1/stm32cubeide/plugins/com.st.stm32cube.ide.mcu.externaltools.gnu-tools-for-stm32.10.3-2021.10.win32_1.0.0.202111181127/tools/bin/../lib/gcc/arm-none-eabi/10.3.1/../../../../arm-none-eabi/lib/thumb/v7e-m+fp/hard\libc_nano.a(lib_a-init.o)
 .ARM.attributes
                0x0000000008006b6f       0x34 c:/st/stm32cubeide_1.10.1/stm32cubeide/plugins/com.st.stm32cube.ide.mcu.externaltools.gnu-tools-for-stm32.10.3-2021.10.win32_1.0.0.202111181127/tools/bin/../lib/gcc/arm-none-eabi/10.3.1/../../../../arm-none-eabi/lib/thumb/v7e-m+fp/hard\libc_nano.a(lib_a-memcpy-stub.o)
 .ARM.attributes
                0x0000000008006ba3       0x34 c:/st/stm32cubeide_1.10.1/stm32cubeide/plugins/com.st.stm32cube.ide.mcu.externaltools.gnu-tools-for-stm32.10.3-2021.10.win32_1.0.0.202111181127/tools/bin/../lib/gcc/arm-none-eabi/10.3.1/../../../../arm-none-eabi/lib/thumb/v7e-m+fp/hard\libc_nano.a(lib_a-memset.o)
 .ARM.attributes
                0x0000000008006bd7       0x17 c:/st/stm32cubeide_1.10.1/stm32cubeide/plugins/com.st.stm32cube.ide.mcu.externaltools.gnu-tools-for-stm32.10.3-2021.10.win32_1.0.0.202111181127/tools/bin/../lib/gcc/arm-none-eabi/10.3.1/../../../../arm-none-eabi/lib/thumb/v7e-m+fp/hard\libc_nano.a(lib_a-strlen.o)
 .ARM.attributes
                0x0000000008006bee       0x1e c:/st/stm32cubeide_1.10.1/stm32cubeide/plugins/com.st.stm32cube.ide.mcu.externaltools.gnu-tools-for-stm32.10.3-2021.10.win32_1.0.0.202111181127/tools/bin/../lib/gcc/arm-none-eabi/10.3.1/thumb/v7e-m+fp/hard\libgcc.a(_aeabi_uldivmod.o)
 .ARM.attributes
                0x0000000008006c0c       0x34 c:/st/stm32cubeide_1.10.1/stm32cubeide/plugins/com.st.stm32cube.ide.mcu.externaltools.gnu-tools-for-stm32.10.3-2021.10.win32_1.0.0.202111181127/tools/bin/../lib/gcc/arm-none-eabi/10.3.1/thumb/v7e-m+fp/hard\libgcc.a(_udivmoddi4.o)
 .ARM.attributes
                0x0000000008006c40       0x1e c:/st/stm32cubeide_1.10.1/stm32cubeide/plugins/com.st.stm32cube.ide.mcu.externaltools.gnu-tools-for-stm32.10.3-2021.10.win32_1.0.0.202111181127/tools/bin/../lib/gcc/arm-none-eabi/10.3.1/thumb/v7e-m+fp/hard\libgcc.a(_dvmd_tls.o)
 .ARM.attributes
                0x0000000008006c5e       0x1e c:/st/stm32cubeide_1.10.1/stm32cubeide/plugins/com.st.stm32cube.ide.mcu.externaltools.gnu-tools-for-stm32.10.3-2021.10.win32_1.0.0.202111181127/tools/bin/../lib/gcc/arm-none-eabi/10.3.1/thumb/v7e-m+fp/hard/crtn.o

.ARM.attributes
 *(.ARM.attributes)

.preinit_array  0x0000000008006684        0x0
                0x0000000008006684                PROVIDE (__preinit_array_start = .)
 *(.preinit_array)
                0x0000000008006684                PROVIDE (__preinit_array_end = .)

.init_array     0x0000000008006684        0x4
                0x0000000008006684                PROVIDE (__init_array_start = .)
 *(SORT_BY_INIT_PRIORITY(.init_array.*) SORT_BY_INIT_PRIORITY(.ctors.*))
 *(.init_array EXCLUDE_FILE(*crtend?.o *crtend.o *crtbegin?.o *crtbegin.o) .ctors)
 .init_array    0x0000000008006684        0x4 c:/st/stm32cubeide_1.10.1/stm32cubeide/plugins/com.st.stm32cube.ide.mcu.externaltools.gnu-tools-for-stm32.10.3-2021.10.win32_1.0.0.202111181127/tools/bin/../lib/gcc/arm-none-eabi/10.3.1/thumb/v7e-m+fp/hard/crtbegin.o
                0x0000000008006688                PROVIDE (__init_array_end = .)

.fini_array     0x0000000008006688        0x4
                [!provide]                        PROVIDE (__fini_array_start = .)
 *(SORT_BY_INIT_PRIORITY(.fini_array.*) SORT_BY_INIT_PRIORITY(.dtors.*))
 *(.fini_array EXCLUDE_FILE(*crtend?.o *crtend.o *crtbegin?.o *crtbegin.o) .dtors)
 .fini_array    0x0000000008006688        0x4 c:/st/stm32cubeide_1.10.1/stm32cubeide/plugins/com.st.stm32cube.ide.mcu.externaltools.gnu-tools-for-stm32.10.3-2021.10.win32_1.0.0.202111181127/tools/bin/../lib/gcc/arm-none-eabi/10.3.1/thumb/v7e-m+fp/hard/crtbegin.o
                [!provide]                        PROVIDE (__fini_array_end = .)
                0x000000000800668c                _sidata = LOADADDR (.data)

.data           0x0000000020000000       0x10 load address 0x000000000800668c
                0x0000000020000000                . = ALIGN (0x4)
                0x0000000020000000                _sdata = .
 *(.data)
 *(.data*)
 .data.SystemCoreClock
                0x0000000020000000        0x4 ./Core/Src/system_stm32g4xx.o
                0x0000000020000000                SystemCoreClock
 .data.uwTickPrio
                0x0000000020000004        0x4 ./Drivers/STM32G4xx_HAL_Driver/Src/stm32g4xx_hal.o
                0x0000000020000004                uwTickPrio
 .data.uwTickFreq
                0x0000000020000008        0x4 ./Drivers/STM32G4xx_HAL_Driver/Src/stm32g4xx_hal.o
                0x0000000020000008                uwTickFreq
 .data.uxCriticalNesting
                0x000000002000000c        0x4 ./Middlewares/Third_Party/FreeRTOS/Source/portable/GCC/ARM_CM4F/port.o
 *(.RamFunc)
 *(.RamFunc*)
                0x0000000020000010                . = ALIGN (0x4)
                0x0000000020000010                _edata = .

.igot.plt       0x0000000020000010        0x0 load address 0x000000000800669c
 .igot.plt      0x0000000020000010        0x0 c:/st/stm32cubeide_1.10.1/stm32cubeide/plugins/com.st.stm32cube.ide.mcu.externaltools.gnu-tools-for-stm32.10.3-2021.10.win32_1.0.0.202111181127/tools/bin/../lib/gcc/arm-none-eabi/10.3.1/thumb/v7e-m+fp/hard/crtbegin.o
                0x0000000020000010                . = ALIGN (0x4)

.bss            0x0000000020000010     0x63ec load address 0x000000000800669c
                0x0000000020000010                _sbss = .
                0x0000000020000010                __bss_start__ = _sbss
 *(.bss)
 .bss           0x0000000020000010       0x1c c:/st/stm32cubeide_1.10.1/stm32cubeide/plugins/com.st.stm32cube.ide.mcu.externaltools.gnu-tools-for-stm32.10.3-2021.10.win32_1.0.0.202111181127/tools/bin/../lib/gcc/arm-none-eabi/10.3.1/thumb/v7e-m+fp/hard/crtbegin.o
 *(.bss*)
 .bss.hlpuart1  0x000000002000002c       0x90 ./Core/Src/main.o
                0x000000002000002c                hlpuart1
 .bss.hdma_lpuart1_rx
                0x00000000200000bc       0x60 ./Core/Src/main.o
                0x00000000200000bc                hdma_lpuart1_rx
 .bss.hdma_lpuart1_tx
                0x000000002000011c       0x60 ./Core/Src/main.o
                0x000000002000011c                hdma_lpuart1_tx
 .bss.hspi2     0x000000002000017c       0x64 ./Core/Src/main.o
                0x000000002000017c                hspi2
 .bss.hdma_spi2_rx
                0x00000000200001e0       0x60 ./Core/Src/main.o
                0x00000000200001e0                hdma_spi2_rx
 .bss.hdma_spi2_tx
                0x0000000020000240       0x60 ./Core/Src/main.o
                0x0000000020000240                hdma_spi2_tx
 .bss.defaultTaskHandle
                0x00000000200002a0        0x4 ./Core/Src/main.o
                0x00000000200002a0                defaultTaskHandle
 .bss.uwTick    0x00000000200002a4        0x4 ./Drivers/STM32G4xx_HAL_Driver/Src/stm32g4xx_hal.o
                0x00000000200002a4                uwTick
 .bss.pxCurrentTCB
                0x00000000200002a8        0x4 ./Middlewares/Third_Party/FreeRTOS/Source/tasks.o
                0x00000000200002a8                pxCurrentTCB
 .bss.pxReadyTasksLists
                0x00000000200002ac       0x8c ./Middlewares/Third_Party/FreeRTOS/Source/tasks.o
 .bss.xDelayedTaskList1
                0x0000000020000338       0x14 ./Middlewares/Third_Party/FreeRTOS/Source/tasks.o
 .bss.xDelayedTaskList2
                0x000000002000034c       0x14 ./Middlewares/Third_Party/FreeRTOS/Source/tasks.o
 .bss.pxDelayedTaskList
                0x0000000020000360        0x4 ./Middlewares/Third_Party/FreeRTOS/Source/tasks.o
 .bss.pxOverflowDelayedTaskList
                0x0000000020000364        0x4 ./Middlewares/Third_Party/FreeRTOS/Source/tasks.o
 .bss.xPendingReadyList
                0x0000000020000368       0x14 ./Middlewares/Third_Party/FreeRTOS/Source/tasks.o
 .bss.xTasksWaitingTermination
                0x000000002000037c       0x14 ./Middlewares/Third_Party/FreeRTOS/Source/tasks.o
 .bss.uxDeletedTasksWaitingCleanUp
                0x0000000020000390        0x4 ./Middlewares/Third_Party/FreeRTOS/Source/tasks.o
 .bss.xSuspendedTaskList
                0x0000000020000394       0x14 ./Middlewares/Third_Party/FreeRTOS/Source/tasks.o
 .bss.uxCurrentNumberOfTasks
                0x00000000200003a8        0x4 ./Middlewares/Third_Party/FreeRTOS/Source/tasks.o
 .bss.xTickCount
                0x00000000200003ac        0x4 ./Middlewares/Third_Party/FreeRTOS/Source/tasks.o
 .bss.uxTopReadyPriority
                0x00000000200003b0        0x4 ./Middlewares/Third_Party/FreeRTOS/Source/tasks.o
 .bss.xSchedulerRunning
                0x00000000200003b4        0x4 ./Middlewares/Third_Party/FreeRTOS/Source/tasks.o
 .bss.xPendedTicks
                0x00000000200003b8        0x4 ./Middlewares/Third_Party/FreeRTOS/Source/tasks.o
 .bss.xYieldPending
                0x00000000200003bc        0x4 ./Middlewares/Third_Party/FreeRTOS/Source/tasks.o
 .bss.xNumOfOverflows
                0x00000000200003c0        0x4 ./Middlewares/Third_Party/FreeRTOS/Source/tasks.o
 .bss.uxTaskNumber
                0x00000000200003c4        0x4 ./Middlewares/Third_Party/FreeRTOS/Source/tasks.o
 .bss.xNextTaskUnblockTime
                0x00000000200003c8        0x4 ./Middlewares/Third_Party/FreeRTOS/Source/tasks.o
 .bss.xIdleTaskHandle
                0x00000000200003cc        0x4 ./Middlewares/Third_Party/FreeRTOS/Source/tasks.o
 .bss.uxSchedulerSuspended
                0x00000000200003d0        0x4 ./Middlewares/Third_Party/FreeRTOS/Source/tasks.o
 .bss.ucMaxSysCallPriority
                0x00000000200003d4        0x1 ./Middlewares/Third_Party/FreeRTOS/Source/portable/GCC/ARM_CM4F/port.o
 *fill*         0x00000000200003d5        0x3 
 .bss.ulMaxPRIGROUPValue
                0x00000000200003d8        0x4 ./Middlewares/Third_Party/FreeRTOS/Source/portable/GCC/ARM_CM4F/port.o
 .bss.ucHeap    0x00000000200003dc     0x6000 ./Middlewares/Third_Party/FreeRTOS/Source/portable/MemMang/heap_4.o
 .bss.xStart    0x00000000200063dc        0x8 ./Middlewares/Third_Party/FreeRTOS/Source/portable/MemMang/heap_4.o
 .bss.pxEnd     0x00000000200063e4        0x4 ./Middlewares/Third_Party/FreeRTOS/Source/portable/MemMang/heap_4.o
 .bss.xFreeBytesRemaining
                0x00000000200063e8        0x4 ./Middlewares/Third_Party/FreeRTOS/Source/portable/MemMang/heap_4.o
 .bss.xMinimumEverFreeBytesRemaining
                0x00000000200063ec        0x4 ./Middlewares/Third_Party/FreeRTOS/Source/portable/MemMang/heap_4.o
 .bss.xNumberOfSuccessfulAllocations
                0x00000000200063f0        0x4 ./Middlewares/Third_Party/FreeRTOS/Source/portable/MemMang/heap_4.o
 .bss.xNumberOfSuccessfulFrees
                0x00000000200063f4        0x4 ./Middlewares/Third_Party/FreeRTOS/Source/portable/MemMang/heap_4.o
 .bss.xBlockAllocatedBit
                0x00000000200063f8        0x4 ./Middlewares/Third_Party/FreeRTOS/Source/portable/MemMang/heap_4.o
 *(COMMON)
                0x00000000200063fc                . = ALIGN (0x4)
                0x00000000200063fc                _ebss = .
                0x00000000200063fc                __bss_end__ = _ebss

._user_heap_stack
                0x00000000200063fc      0x604 load address 0x000000000800669c
                0x0000000020006400                . = ALIGN (0x8)
 *fill*         0x00000000200063fc        0x4 
                [!provide]                        PROVIDE (end = .)
                0x0000000020006400                PROVIDE (_end = .)
                0x0000000020006600                . = (. + _Min_Heap_Size)
 *fill*         0x0000000020006400      0x200 
                0x0000000020006a00                . = (. + _Min_Stack_Size)
 *fill*         0x0000000020006600      0x400 
                0x0000000020006a00                . = ALIGN (0x8)

/DISCARD/
 libc.a(*)
 libm.a(*)
 libgcc.a(*)

.ARM.attributes
 *(.ARM.attributes)
OUTPUT(dipl1.elf elf32-littlearm)
LOAD linker stubs
LOAD c:/st/stm32cubeide_1.10.1/stm32cubeide/plugins/com.st.stm32cube.ide.mcu.externaltools.gnu-tools-for-stm32.10.3-2021.10.win32_1.0.0.202111181127/tools/bin/../lib/gcc/arm-none-eabi/10.3.1/../../../../arm-none-eabi/lib/thumb/v7e-m+fp/hard\libc.a
LOAD c:/st/stm32cubeide_1.10.1/stm32cubeide/plugins/com.st.stm32cube.ide.mcu.externaltools.gnu-tools-for-stm32.10.3-2021.10.win32_1.0.0.202111181127/tools/bin/../lib/gcc/arm-none-eabi/10.3.1/../../../../arm-none-eabi/lib/thumb/v7e-m+fp/hard\libm.a
LOAD c:/st/stm32cubeide_1.10.1/stm32cubeide/plugins/com.st.stm32cube.ide.mcu.externaltools.gnu-tools-for-stm32.10.3-2021.10.win32_1.0.0.202111181127/tools/bin/../lib/gcc/arm-none-eabi/10.3.1/thumb/v7e-m+fp/hard\libgcc.a

.debug_info     0x0000000000000000    0x1559f
 .debug_info    0x0000000000000000       0xb4 ./Core/Src/app_freertos.o
 .debug_info    0x00000000000000b4     0x18ba ./Core/Src/main.o
 .debug_info    0x000000000000196e     0x1420 ./Core/Src/stm32g4xx_hal_msp.o
 .debug_info    0x0000000000002d8e      0xbf8 ./Core/Src/stm32g4xx_it.o
 .debug_info    0x0000000000003986      0x59f ./Core/Src/system_stm32g4xx.o
 .debug_info    0x0000000000003f25       0x22 ./Core/Startup/startup_stm32g473retx.o
 .debug_info    0x0000000000003f47      0xb6d ./Drivers/STM32G4xx_HAL_Driver/Src/stm32g4xx_hal.o
 .debug_info    0x0000000000004ab4      0xe4e ./Drivers/STM32G4xx_HAL_Driver/Src/stm32g4xx_hal_cortex.o
 .debug_info    0x0000000000005902      0x8ee ./Drivers/STM32G4xx_HAL_Driver/Src/stm32g4xx_hal_dma.o
 .debug_info    0x00000000000061f0      0x82f ./Drivers/STM32G4xx_HAL_Driver/Src/stm32g4xx_hal_gpio.o
 .debug_info    0x0000000000006a1f      0x983 ./Drivers/STM32G4xx_HAL_Driver/Src/stm32g4xx_hal_pwr_ex.o
 .debug_info    0x00000000000073a2      0xcb7 ./Drivers/STM32G4xx_HAL_Driver/Src/stm32g4xx_hal_rcc.o
 .debug_info    0x0000000000008059      0xd32 ./Drivers/STM32G4xx_HAL_Driver/Src/stm32g4xx_hal_rcc_ex.o
 .debug_info    0x0000000000008d8b     0x18b8 ./Drivers/STM32G4xx_HAL_Driver/Src/stm32g4xx_hal_spi.o
 .debug_info    0x000000000000a643     0x4936 ./Drivers/STM32G4xx_HAL_Driver/Src/stm32g4xx_hal_uart.o
 .debug_info    0x000000000000ef79     0x1031 ./Drivers/STM32G4xx_HAL_Driver/Src/stm32g4xx_hal_uart_ex.o
 .debug_info    0x000000000000ffaa     0x17e9 ./Middlewares/Third_Party/FreeRTOS/Source/CMSIS_RTOS/cmsis_os.o
 .debug_info    0x0000000000011793      0x2d1 ./Middlewares/Third_Party/FreeRTOS/Source/list.o
 .debug_info    0x0000000000011a64     0x15d4 ./Middlewares/Third_Party/FreeRTOS/Source/queue.o
 .debug_info    0x0000000000013038     0x1b37 ./Middlewares/Third_Party/FreeRTOS/Source/tasks.o
 .debug_info    0x0000000000014b6f      0x507 ./Middlewares/Third_Party/FreeRTOS/Source/portable/GCC/ARM_CM4F/port.o
 .debug_info    0x0000000000015076      0x529 ./Middlewares/Third_Party/FreeRTOS/Source/portable/MemMang/heap_4.o

.debug_abbrev   0x0000000000000000     0x3018
 .debug_abbrev  0x0000000000000000       0x47 ./Core/Src/app_freertos.o
 .debug_abbrev  0x0000000000000047      0x2ee ./Core/Src/main.o
 .debug_abbrev  0x0000000000000335      0x221 ./Core/Src/stm32g4xx_hal_msp.o
 .debug_abbrev  0x0000000000000556      0x1d3 ./Core/Src/stm32g4xx_it.o
 .debug_abbrev  0x0000000000000729      0x116 ./Core/Src/system_stm32g4xx.o
 .debug_abbrev  0x000000000000083f       0x12 ./Core/Startup/startup_stm32g473retx.o
 .debug_abbrev  0x0000000000000851      0x269 ./Drivers/STM32G4xx_HAL_Driver/Src/stm32g4xx_hal.o
 .debug_abbrev  0x0000000000000aba      0x30d ./Drivers/STM32G4xx_HAL_Driver/Src/stm32g4xx_hal_cortex.o
 .debug_abbrev  0x0000000000000dc7      0x1d7 ./Drivers/STM32G4xx_HAL_Driver/Src/stm32g4xx_hal_dma.o
 .debug_abbrev  0x0000000000000f9e      0x1bb ./Drivers/STM32G4xx_HAL_Driver/Src/stm32g4xx_hal_gpio.o
 .debug_abbrev  0x0000000000001159      0x229 ./Drivers/STM32G4xx_HAL_Driver/Src/stm32g4xx_hal_pwr_ex.o
 .debug_abbrev  0x0000000000001382      0x2bd ./Drivers/STM32G4xx_HAL_Driver/Src/stm32g4xx_hal_rcc.o
 .debug_abbrev  0x000000000000163f      0x247 ./Drivers/STM32G4xx_HAL_Driver/Src/stm32g4xx_hal_rcc_ex.o
 .debug_abbrev  0x0000000000001886      0x254 ./Drivers/STM32G4xx_HAL_Driver/Src/stm32g4xx_hal_spi.o
 .debug_abbrev  0x0000000000001ada      0x2f0 ./Drivers/STM32G4xx_HAL_Driver/Src/stm32g4xx_hal_uart.o
 .debug_abbrev  0x0000000000001dca      0x2bd ./Drivers/STM32G4xx_HAL_Driver/Src/stm32g4xx_hal_uart_ex.o
 .debug_abbrev  0x0000000000002087      0x398 ./Middlewares/Third_Party/FreeRTOS/Source/CMSIS_RTOS/cmsis_os.o
 .debug_abbrev  0x000000000000241f       0xf2 ./Middlewares/Third_Party/FreeRTOS/Source/list.o
 .debug_abbrev  0x0000000000002511      0x341 ./Middlewares/Third_Party/FreeRTOS/Source/queue.o
 .debug_abbrev  0x0000000000002852      0x350 ./Middlewares/Third_Party/FreeRTOS/Source/tasks.o
 .debug_abbrev  0x0000000000002ba2      0x259 ./Middlewares/Third_Party/FreeRTOS/Source/portable/GCC/ARM_CM4F/port.o
 .debug_abbrev  0x0000000000002dfb      0x21d ./Middlewares/Third_Party/FreeRTOS/Source/portable/MemMang/heap_4.o

.debug_aranges  0x0000000000000000     0x11b0
 .debug_aranges
                0x0000000000000000       0x30 ./Core/Src/app_freertos.o
 .debug_aranges
                0x0000000000000030       0x58 ./Core/Src/main.o
 .debug_aranges
                0x0000000000000088       0x40 ./Core/Src/stm32g4xx_hal_msp.o
 .debug_aranges
                0x00000000000000c8       0x88 ./Core/Src/stm32g4xx_it.o
 .debug_aranges
                0x0000000000000150       0x28 ./Core/Src/system_stm32g4xx.o
 .debug_aranges
                0x0000000000000178       0x28 ./Core/Startup/startup_stm32g473retx.o
 .debug_aranges
                0x00000000000001a0      0x130 ./Drivers/STM32G4xx_HAL_Driver/Src/stm32g4xx_hal.o
 .debug_aranges
                0x00000000000002d0      0x118 ./Drivers/STM32G4xx_HAL_Driver/Src/stm32g4xx_hal_cortex.o
 .debug_aranges
                0x00000000000003e8       0x90 ./Drivers/STM32G4xx_HAL_Driver/Src/stm32g4xx_hal_dma.o
 .debug_aranges
                0x0000000000000478       0x58 ./Drivers/STM32G4xx_HAL_Driver/Src/stm32g4xx_hal_gpio.o
 .debug_aranges
                0x00000000000004d0      0x140 ./Drivers/STM32G4xx_HAL_Driver/Src/stm32g4xx_hal_pwr_ex.o
 .debug_aranges
                0x0000000000000610       0x98 ./Drivers/STM32G4xx_HAL_Driver/Src/stm32g4xx_hal_rcc.o
 .debug_aranges
                0x00000000000006a8       0xb0 ./Drivers/STM32G4xx_HAL_Driver/Src/stm32g4xx_hal_rcc_ex.o
 .debug_aranges
                0x0000000000000758      0x1d8 ./Drivers/STM32G4xx_HAL_Driver/Src/stm32g4xx_hal_spi.o
 .debug_aranges
                0x0000000000000930      0x248 ./Drivers/STM32G4xx_HAL_Driver/Src/stm32g4xx_hal_uart.o
 .debug_aranges
                0x0000000000000b78       0xa0 ./Drivers/STM32G4xx_HAL_Driver/Src/stm32g4xx_hal_uart_ex.o
 .debug_aranges
                0x0000000000000c18      0x1d8 ./Middlewares/Third_Party/FreeRTOS/Source/CMSIS_RTOS/cmsis_os.o
 .debug_aranges
                0x0000000000000df0       0x40 ./Middlewares/Third_Party/FreeRTOS/Source/list.o
 .debug_aranges
                0x0000000000000e30       0xf8 ./Middlewares/Third_Party/FreeRTOS/Source/queue.o
 .debug_aranges
                0x0000000000000f28      0x1b0 ./Middlewares/Third_Party/FreeRTOS/Source/tasks.o
 .debug_aranges
                0x00000000000010d8       0x80 ./Middlewares/Third_Party/FreeRTOS/Source/portable/GCC/ARM_CM4F/port.o
 .debug_aranges
                0x0000000000001158       0x58 ./Middlewares/Third_Party/FreeRTOS/Source/portable/MemMang/heap_4.o

.debug_ranges   0x0000000000000000     0x1088
 .debug_ranges  0x0000000000000000       0x20 ./Core/Src/app_freertos.o
 .debug_ranges  0x0000000000000020       0x48 ./Core/Src/main.o
 .debug_ranges  0x0000000000000068       0x30 ./Core/Src/stm32g4xx_hal_msp.o
 .debug_ranges  0x0000000000000098       0x78 ./Core/Src/stm32g4xx_it.o
 .debug_ranges  0x0000000000000110       0x18 ./Core/Src/system_stm32g4xx.o
 .debug_ranges  0x0000000000000128       0x20 ./Core/Startup/startup_stm32g473retx.o
 .debug_ranges  0x0000000000000148      0x120 ./Drivers/STM32G4xx_HAL_Driver/Src/stm32g4xx_hal.o
 .debug_ranges  0x0000000000000268      0x108 ./Drivers/STM32G4xx_HAL_Driver/Src/stm32g4xx_hal_cortex.o
 .debug_ranges  0x0000000000000370       0x80 ./Drivers/STM32G4xx_HAL_Driver/Src/stm32g4xx_hal_dma.o
 .debug_ranges  0x00000000000003f0       0x48 ./Drivers/STM32G4xx_HAL_Driver/Src/stm32g4xx_hal_gpio.o
 .debug_ranges  0x0000000000000438      0x130 ./Drivers/STM32G4xx_HAL_Driver/Src/stm32g4xx_hal_pwr_ex.o
 .debug_ranges  0x0000000000000568       0x88 ./Drivers/STM32G4xx_HAL_Driver/Src/stm32g4xx_hal_rcc.o
 .debug_ranges  0x00000000000005f0       0xa0 ./Drivers/STM32G4xx_HAL_Driver/Src/stm32g4xx_hal_rcc_ex.o
 .debug_ranges  0x0000000000000690      0x1c8 ./Drivers/STM32G4xx_HAL_Driver/Src/stm32g4xx_hal_spi.o
 .debug_ranges  0x0000000000000858      0x268 ./Drivers/STM32G4xx_HAL_Driver/Src/stm32g4xx_hal_uart.o
 .debug_ranges  0x0000000000000ac0       0x90 ./Drivers/STM32G4xx_HAL_Driver/Src/stm32g4xx_hal_uart_ex.o
 .debug_ranges  0x0000000000000b50      0x1c8 ./Middlewares/Third_Party/FreeRTOS/Source/CMSIS_RTOS/cmsis_os.o
 .debug_ranges  0x0000000000000d18       0x30 ./Middlewares/Third_Party/FreeRTOS/Source/list.o
 .debug_ranges  0x0000000000000d48       0xe8 ./Middlewares/Third_Party/FreeRTOS/Source/queue.o
 .debug_ranges  0x0000000000000e30      0x1a0 ./Middlewares/Third_Party/FreeRTOS/Source/tasks.o
 .debug_ranges  0x0000000000000fd0       0x70 ./Middlewares/Third_Party/FreeRTOS/Source/portable/GCC/ARM_CM4F/port.o
 .debug_ranges  0x0000000000001040       0x48 ./Middlewares/Third_Party/FreeRTOS/Source/portable/MemMang/heap_4.o

.debug_macro    0x0000000000000000    0x21484
 .debug_macro   0x0000000000000000      0x241 ./Core/Src/app_freertos.o
 .debug_macro   0x0000000000000241      0xa78 ./Core/Src/app_freertos.o
 .debug_macro   0x0000000000000cb9      0x174 ./Core/Src/app_freertos.o
 .debug_macro   0x0000000000000e2d       0x22 ./Core/Src/app_freertos.o
 .debug_macro   0x0000000000000e4f       0x8e ./Core/Src/app_freertos.o
 .debug_macro   0x0000000000000edd       0x51 ./Core/Src/app_freertos.o
 .debug_macro   0x0000000000000f2e      0x103 ./Core/Src/app_freertos.o
 .debug_macro   0x0000000000001031       0x6a ./Core/Src/app_freertos.o
 .debug_macro   0x000000000000109b      0x1df ./Core/Src/app_freertos.o
 .debug_macro   0x000000000000127a       0xea ./Core/Src/app_freertos.o
 .debug_macro   0x0000000000001364      0x15a ./Core/Src/app_freertos.o
 .debug_macro   0x00000000000014be       0xde ./Core/Src/app_freertos.o
 .debug_macro   0x000000000000159c       0x1c ./Core/Src/app_freertos.o
 .debug_macro   0x00000000000015b8       0x26 ./Core/Src/app_freertos.o
 .debug_macro   0x00000000000015de      0x4fd ./Core/Src/app_freertos.o
 .debug_macro   0x0000000000001adb       0xb5 ./Core/Src/app_freertos.o
 .debug_macro   0x0000000000001b90       0xaa ./Core/Src/app_freertos.o
 .debug_macro   0x0000000000001c3a      0x15b ./Core/Src/app_freertos.o
 .debug_macro   0x0000000000001d95       0x2e ./Core/Src/app_freertos.o
 .debug_macro   0x0000000000001dc3       0x28 ./Core/Src/app_freertos.o
 .debug_macro   0x0000000000001deb       0x1c ./Core/Src/app_freertos.o
 .debug_macro   0x0000000000001e07       0x22 ./Core/Src/app_freertos.o
 .debug_macro   0x0000000000001e29       0xfb ./Core/Src/app_freertos.o
 .debug_macro   0x0000000000001f24     0x1011 ./Core/Src/app_freertos.o
 .debug_macro   0x0000000000002f35      0x11f ./Core/Src/app_freertos.o
 .debug_macro   0x0000000000003054    0x130e6 ./Core/Src/app_freertos.o
 .debug_macro   0x000000000001613a       0x6d ./Core/Src/app_freertos.o
 .debug_macro   0x00000000000161a7     0x3554 ./Core/Src/app_freertos.o
 .debug_macro   0x00000000000196fb       0x5c ./Core/Src/app_freertos.o
 .debug_macro   0x0000000000019757     0x16d9 ./Core/Src/app_freertos.o
 .debug_macro   0x000000000001ae30      0x600 ./Core/Src/app_freertos.o
 .debug_macro   0x000000000001b430      0x1b6 ./Core/Src/app_freertos.o
 .debug_macro   0x000000000001b5e6      0x336 ./Core/Src/app_freertos.o
 .debug_macro   0x000000000001b91c      0x50b ./Core/Src/app_freertos.o
 .debug_macro   0x000000000001be27      0x18b ./Core/Src/app_freertos.o
 .debug_macro   0x000000000001bfb2       0x43 ./Core/Src/app_freertos.o
 .debug_macro   0x000000000001bff5      0x23d ./Core/Src/app_freertos.o
 .debug_macro   0x000000000001c232      0x211 ./Core/Src/app_freertos.o
 .debug_macro   0x000000000001c443      0x45c ./Core/Src/app_freertos.o
 .debug_macro   0x000000000001c89f      0x11c ./Core/Src/app_freertos.o
 .debug_macro   0x000000000001c9bb      0x122 ./Core/Src/app_freertos.o
 .debug_macro   0x000000000001cadd      0x3d1 ./Core/Src/app_freertos.o
 .debug_macro   0x000000000001ceae      0x2fe ./Core/Src/app_freertos.o
 .debug_macro   0x000000000001d1ac      0x67e ./Core/Src/app_freertos.o
 .debug_macro   0x000000000001d82a       0xa6 ./Core/Src/app_freertos.o
 .debug_macro   0x000000000001d8d0      0x34a ./Core/Src/app_freertos.o
 .debug_macro   0x000000000001dc1a      0x41b ./Core/Src/main.o
 .debug_macro   0x000000000001e035       0xea ./Core/Src/main.o
 .debug_macro   0x000000000001e11f       0x91 ./Core/Src/main.o
 .debug_macro   0x000000000001e1b0       0x86 ./Core/Src/main.o
 .debug_macro   0x000000000001e236       0x69 ./Core/Src/main.o
 .debug_macro   0x000000000001e29f       0x19 ./Core/Src/main.o
 .debug_macro   0x000000000001e2b8       0xcf ./Core/Src/main.o
 .debug_macro   0x000000000001e387       0x52 ./Core/Src/main.o
 .debug_macro   0x000000000001e3d9       0x1e ./Core/Src/main.o
 .debug_macro   0x000000000001e3f7       0x3c ./Core/Src/main.o
 .debug_macro   0x000000000001e433       0x34 ./Core/Src/main.o
 .debug_macro   0x000000000001e467       0x16 ./Core/Src/main.o
 .debug_macro   0x000000000001e47d       0x35 ./Core/Src/main.o
 .debug_macro   0x000000000001e4b2      0x341 ./Core/Src/main.o
 .debug_macro   0x000000000001e7f3       0x10 ./Core/Src/main.o
 .debug_macro   0x000000000001e803       0x16 ./Core/Src/main.o
 .debug_macro   0x000000000001e819       0x43 ./Core/Src/main.o
 .debug_macro   0x000000000001e85c       0x34 ./Core/Src/main.o
 .debug_macro   0x000000000001e890       0x10 ./Core/Src/main.o
 .debug_macro   0x000000000001e8a0       0x58 ./Core/Src/main.o
 .debug_macro   0x000000000001e8f8       0x71 ./Core/Src/main.o
 .debug_macro   0x000000000001e969       0x1c ./Core/Src/main.o
 .debug_macro   0x000000000001e985      0x12a ./Core/Src/main.o
 .debug_macro   0x000000000001eaaf       0x10 ./Core/Src/main.o
 .debug_macro   0x000000000001eabf       0x1c ./Core/Src/main.o
 .debug_macro   0x000000000001eadb       0x52 ./Core/Src/main.o
 .debug_macro   0x000000000001eb2d       0x22 ./Core/Src/main.o
 .debug_macro   0x000000000001eb4f       0x10 ./Core/Src/main.o
 .debug_macro   0x000000000001eb5f       0x52 ./Core/Src/main.o
 .debug_macro   0x000000000001ebb1       0xd5 ./Core/Src/main.o
 .debug_macro   0x000000000001ec86       0x1c ./Core/Src/main.o
 .debug_macro   0x000000000001eca2       0x3d ./Core/Src/main.o
 .debug_macro   0x000000000001ecdf       0x16 ./Core/Src/main.o
 .debug_macro   0x000000000001ecf5      0x145 ./Core/Src/main.o
 .debug_macro   0x000000000001ee3a       0x16 ./Core/Src/main.o
 .debug_macro   0x000000000001ee50       0x20 ./Core/Src/main.o
 .debug_macro   0x000000000001ee70      0x1d9 ./Core/Src/stm32g4xx_hal_msp.o
 .debug_macro   0x000000000001f049      0x24b ./Core/Src/stm32g4xx_it.o
 .debug_macro   0x000000000001f294      0x1cf ./Core/Src/system_stm32g4xx.o
 .debug_macro   0x000000000001f463      0x21d ./Drivers/STM32G4xx_HAL_Driver/Src/stm32g4xx_hal.o
 .debug_macro   0x000000000001f680      0x1cf ./Drivers/STM32G4xx_HAL_Driver/Src/stm32g4xx_hal_cortex.o
 .debug_macro   0x000000000001f84f      0x1cf ./Drivers/STM32G4xx_HAL_Driver/Src/stm32g4xx_hal_dma.o
 .debug_macro   0x000000000001fa1e      0x1d6 ./Drivers/STM32G4xx_HAL_Driver/Src/stm32g4xx_hal_gpio.o
 .debug_macro   0x000000000001fbf4      0x1f9 ./Drivers/STM32G4xx_HAL_Driver/Src/stm32g4xx_hal_pwr_ex.o
 .debug_macro   0x000000000001fded      0x211 ./Drivers/STM32G4xx_HAL_Driver/Src/stm32g4xx_hal_rcc.o
 .debug_macro   0x000000000001fffe      0x1f9 ./Drivers/STM32G4xx_HAL_Driver/Src/stm32g4xx_hal_rcc_ex.o
 .debug_macro   0x00000000000201f7      0x1d7 ./Drivers/STM32G4xx_HAL_Driver/Src/stm32g4xx_hal_spi.o
 .debug_macro   0x00000000000203ce      0x1fa ./Drivers/STM32G4xx_HAL_Driver/Src/stm32g4xx_hal_uart.o
 .debug_macro   0x00000000000205c8      0x1db ./Drivers/STM32G4xx_HAL_Driver/Src/stm32g4xx_hal_uart_ex.o
 .debug_macro   0x00000000000207a3      0x1fe ./Middlewares/Third_Party/FreeRTOS/Source/CMSIS_RTOS/cmsis_os.o
 .debug_macro   0x00000000000209a1       0x10 ./Middlewares/Third_Party/FreeRTOS/Source/CMSIS_RTOS/cmsis_os.o
 .debug_macro   0x00000000000209b1       0xe9 ./Middlewares/Third_Party/FreeRTOS/Source/CMSIS_RTOS/cmsis_os.o
 .debug_macro   0x0000000000020a9a      0x187 ./Middlewares/Third_Party/FreeRTOS/Source/list.o
 .debug_macro   0x0000000000020c21      0x216 ./Middlewares/Third_Party/FreeRTOS/Source/queue.o
 .debug_macro   0x0000000000020e37       0x80 ./Middlewares/Third_Party/FreeRTOS/Source/queue.o
 .debug_macro   0x0000000000020eb7      0x279 ./Middlewares/Third_Party/FreeRTOS/Source/tasks.o
 .debug_macro   0x0000000000021130       0x10 ./Middlewares/Third_Party/FreeRTOS/Source/tasks.o
 .debug_macro   0x0000000000021140      0x196 ./Middlewares/Third_Party/FreeRTOS/Source/portable/GCC/ARM_CM4F/port.o
 .debug_macro   0x00000000000212d6      0x1ae ./Middlewares/Third_Party/FreeRTOS/Source/portable/MemMang/heap_4.o

.debug_line     0x0000000000000000    0x1471a
 .debug_line    0x0000000000000000      0x7f8 ./Core/Src/app_freertos.o
 .debug_line    0x00000000000007f8      0xc04 ./Core/Src/main.o
 .debug_line    0x00000000000013fc      0x839 ./Core/Src/stm32g4xx_hal_msp.o
 .debug_line    0x0000000000001c35      0x922 ./Core/Src/stm32g4xx_it.o
 .debug_line    0x0000000000002557      0x740 ./Core/Src/system_stm32g4xx.o
 .debug_line    0x0000000000002c97       0x89 ./Core/Startup/startup_stm32g473retx.o
 .debug_line    0x0000000000002d20      0xab7 ./Drivers/STM32G4xx_HAL_Driver/Src/stm32g4xx_hal.o
 .debug_line    0x00000000000037d7      0xc6a ./Drivers/STM32G4xx_HAL_Driver/Src/stm32g4xx_hal_cortex.o
 .debug_line    0x0000000000004441      0xe23 ./Drivers/STM32G4xx_HAL_Driver/Src/stm32g4xx_hal_dma.o
 .debug_line    0x0000000000005264      0xafa ./Drivers/STM32G4xx_HAL_Driver/Src/stm32g4xx_hal_gpio.o
 .debug_line    0x0000000000005d5e      0xc6e ./Drivers/STM32G4xx_HAL_Driver/Src/stm32g4xx_hal_pwr_ex.o
 .debug_line    0x00000000000069cc      0xecd ./Drivers/STM32G4xx_HAL_Driver/Src/stm32g4xx_hal_rcc.o
 .debug_line    0x0000000000007899     0x11dc ./Drivers/STM32G4xx_HAL_Driver/Src/stm32g4xx_hal_rcc_ex.o
 .debug_line    0x0000000000008a75     0x1f01 ./Drivers/STM32G4xx_HAL_Driver/Src/stm32g4xx_hal_spi.o
 .debug_line    0x000000000000a976     0x3b31 ./Drivers/STM32G4xx_HAL_Driver/Src/stm32g4xx_hal_uart.o
 .debug_line    0x000000000000e4a7      0xd62 ./Drivers/STM32G4xx_HAL_Driver/Src/stm32g4xx_hal_uart_ex.o
 .debug_line    0x000000000000f209     0x1172 ./Middlewares/Third_Party/FreeRTOS/Source/CMSIS_RTOS/cmsis_os.o
 .debug_line    0x000000000001037b      0x6fd ./Middlewares/Third_Party/FreeRTOS/Source/list.o
 .debug_line    0x0000000000010a78     0x137f ./Middlewares/Third_Party/FreeRTOS/Source/queue.o
 .debug_line    0x0000000000011df7     0x1851 ./Middlewares/Third_Party/FreeRTOS/Source/tasks.o
 .debug_line    0x0000000000013648      0x7a4 ./Middlewares/Third_Party/FreeRTOS/Source/portable/GCC/ARM_CM4F/port.o
 .debug_line    0x0000000000013dec      0x92e ./Middlewares/Third_Party/FreeRTOS/Source/portable/MemMang/heap_4.o

.debug_str      0x0000000000000000    0xd131a
 .debug_str     0x0000000000000000    0xc4771 ./Core/Src/app_freertos.o
                                      0xc4a09 (size before relaxing)
 .debug_str     0x00000000000c4771     0x6e3d ./Core/Src/main.o
                                      0xcb8eb (size before relaxing)
 .debug_str     0x00000000000cb5ae      0x2bd ./Core/Src/stm32g4xx_hal_msp.o
                                      0xc1dd1 (size before relaxing)
 .debug_str     0x00000000000cb86b      0x1a9 ./Core/Src/stm32g4xx_it.o
                                      0xc52a3 (size before relaxing)
 .debug_str     0x00000000000cba14       0xdb ./Core/Src/system_stm32g4xx.o
                                      0xc0e4d (size before relaxing)
 .debug_str     0x00000000000cbaef       0x36 ./Core/Startup/startup_stm32g473retx.o
                                         0x59 (size before relaxing)
 .debug_str     0x00000000000cbb25      0x5bc ./Drivers/STM32G4xx_HAL_Driver/Src/stm32g4xx_hal.o
                                      0xc1aaf (size before relaxing)
 .debug_str     0x00000000000cc0e1      0x30a ./Drivers/STM32G4xx_HAL_Driver/Src/stm32g4xx_hal_cortex.o
                                      0xc175a (size before relaxing)
 .debug_str     0x00000000000cc3eb      0x2a4 ./Drivers/STM32G4xx_HAL_Driver/Src/stm32g4xx_hal_dma.o
                                      0xc1227 (size before relaxing)
 .debug_str     0x00000000000cc68f      0x110 ./Drivers/STM32G4xx_HAL_Driver/Src/stm32g4xx_hal_gpio.o
                                      0xc0fd8 (size before relaxing)
 .debug_str     0x00000000000cc79f      0x4a5 ./Drivers/STM32G4xx_HAL_Driver/Src/stm32g4xx_hal_pwr_ex.o
                                      0xc133b (size before relaxing)
 .debug_str     0x00000000000ccc44      0x506 ./Drivers/STM32G4xx_HAL_Driver/Src/stm32g4xx_hal_rcc.o
                                      0xc156c (size before relaxing)
 .debug_str     0x00000000000cd14a      0x40b ./Drivers/STM32G4xx_HAL_Driver/Src/stm32g4xx_hal_rcc_ex.o
                                      0xc1596 (size before relaxing)
 .debug_str     0x00000000000cd555      0x56f ./Drivers/STM32G4xx_HAL_Driver/Src/stm32g4xx_hal_spi.o
                                      0xc1785 (size before relaxing)
 .debug_str     0x00000000000cdac4      0x97e ./Drivers/STM32G4xx_HAL_Driver/Src/stm32g4xx_hal_uart.o
                                      0xc1de0 (size before relaxing)
 .debug_str     0x00000000000ce442      0x251 ./Drivers/STM32G4xx_HAL_Driver/Src/stm32g4xx_hal_uart_ex.o
                                      0xc15c4 (size before relaxing)
 .debug_str     0x00000000000ce693      0x8b5 ./Middlewares/Third_Party/FreeRTOS/Source/CMSIS_RTOS/cmsis_os.o
                                       0xdc61 (size before relaxing)
 .debug_str     0x00000000000cef48      0x21e ./Middlewares/Third_Party/FreeRTOS/Source/list.o
                                       0xa641 (size before relaxing)
 .debug_str     0x00000000000cf166      0x7d1 ./Middlewares/Third_Party/FreeRTOS/Source/queue.o
                                       0xbdf3 (size before relaxing)
 .debug_str     0x00000000000cf937      0xf33 ./Middlewares/Third_Party/FreeRTOS/Source/tasks.o
                                       0xc88f (size before relaxing)
 .debug_str     0x00000000000d086a      0x783 ./Middlewares/Third_Party/FreeRTOS/Source/portable/GCC/ARM_CM4F/port.o
                                       0x85b2 (size before relaxing)
 .debug_str     0x00000000000d0fed      0x32d ./Middlewares/Third_Party/FreeRTOS/Source/portable/MemMang/heap_4.o
                                       0xafa0 (size before relaxing)

.comment        0x0000000000000000       0x50
 .comment       0x0000000000000000       0x50 ./Core/Src/app_freertos.o
                                         0x51 (size before relaxing)
 .comment       0x0000000000000050       0x51 ./Core/Src/main.o
 .comment       0x0000000000000050       0x51 ./Core/Src/stm32g4xx_hal_msp.o
 .comment       0x0000000000000050       0x51 ./Core/Src/stm32g4xx_it.o
 .comment       0x0000000000000050       0x51 ./Core/Src/system_stm32g4xx.o
 .comment       0x0000000000000050       0x51 ./Drivers/STM32G4xx_HAL_Driver/Src/stm32g4xx_hal.o
 .comment       0x0000000000000050       0x51 ./Drivers/STM32G4xx_HAL_Driver/Src/stm32g4xx_hal_cortex.o
 .comment       0x0000000000000050       0x51 ./Drivers/STM32G4xx_HAL_Driver/Src/stm32g4xx_hal_dma.o
 .comment       0x0000000000000050       0x51 ./Drivers/STM32G4xx_HAL_Driver/Src/stm32g4xx_hal_gpio.o
 .comment       0x0000000000000050       0x51 ./Drivers/STM32G4xx_HAL_Driver/Src/stm32g4xx_hal_pwr_ex.o
 .comment       0x0000000000000050       0x51 ./Drivers/STM32G4xx_HAL_Driver/Src/stm32g4xx_hal_rcc.o
 .comment       0x0000000000000050       0x51 ./Drivers/STM32G4xx_HAL_Driver/Src/stm32g4xx_hal_rcc_ex.o
 .comment       0x0000000000000050       0x51 ./Drivers/STM32G4xx_HAL_Driver/Src/stm32g4xx_hal_spi.o
 .comment       0x0000000000000050       0x51 ./Drivers/STM32G4xx_HAL_Driver/Src/stm32g4xx_hal_uart.o
 .comment       0x0000000000000050       0x51 ./Drivers/STM32G4xx_HAL_Driver/Src/stm32g4xx_hal_uart_ex.o
 .comment       0x0000000000000050       0x51 ./Middlewares/Third_Party/FreeRTOS/Source/CMSIS_RTOS/cmsis_os.o
 .comment       0x0000000000000050       0x51 ./Middlewares/Third_Party/FreeRTOS/Source/list.o
 .comment       0x0000000000000050       0x51 ./Middlewares/Third_Party/FreeRTOS/Source/queue.o
 .comment       0x0000000000000050       0x51 ./Middlewares/Third_Party/FreeRTOS/Source/tasks.o
 .comment       0x0000000000000050       0x51 ./Middlewares/Third_Party/FreeRTOS/Source/portable/GCC/ARM_CM4F/port.o
 .comment       0x0000000000000050       0x51 ./Middlewares/Third_Party/FreeRTOS/Source/portable/MemMang/heap_4.o

.debug_frame    0x0000000000000000     0x486c
 .debug_frame   0x0000000000000000       0x70 ./Core/Src/app_freertos.o
 .debug_frame   0x0000000000000070      0x118 ./Core/Src/main.o
 .debug_frame   0x0000000000000188       0xc8 ./Core/Src/stm32g4xx_hal_msp.o
 .debug_frame   0x0000000000000250      0x18c ./Core/Src/stm32g4xx_it.o
 .debug_frame   0x00000000000003dc       0x58 ./Core/Src/system_stm32g4xx.o
 .debug_frame   0x0000000000000434      0x4a0 ./Drivers/STM32G4xx_HAL_Driver/Src/stm32g4xx_hal.o
 .debug_frame   0x00000000000008d4      0x498 ./Drivers/STM32G4xx_HAL_Driver/Src/stm32g4xx_hal_cortex.o
 .debug_frame   0x0000000000000d6c      0x24c ./Drivers/STM32G4xx_HAL_Driver/Src/stm32g4xx_hal_dma.o
 .debug_frame   0x0000000000000fb8      0x14c ./Drivers/STM32G4xx_HAL_Driver/Src/stm32g4xx_hal_gpio.o
 .debug_frame   0x0000000000001104      0x4fc ./Drivers/STM32G4xx_HAL_Driver/Src/stm32g4xx_hal_pwr_ex.o
 .debug_frame   0x0000000000001600      0x23c ./Drivers/STM32G4xx_HAL_Driver/Src/stm32g4xx_hal_rcc.o
 .debug_frame   0x000000000000183c      0x2ac ./Drivers/STM32G4xx_HAL_Driver/Src/stm32g4xx_hal_rcc_ex.o
 .debug_frame   0x0000000000001ae8      0x860 ./Drivers/STM32G4xx_HAL_Driver/Src/stm32g4xx_hal_spi.o
 .debug_frame   0x0000000000002348      0xa94 ./Drivers/STM32G4xx_HAL_Driver/Src/stm32g4xx_hal_uart.o
 .debug_frame   0x0000000000002ddc      0x29c ./Drivers/STM32G4xx_HAL_Driver/Src/stm32g4xx_hal_uart_ex.o
 .debug_frame   0x0000000000003078      0x808 ./Middlewares/Third_Party/FreeRTOS/Source/CMSIS_RTOS/cmsis_os.o
 .debug_frame   0x0000000000003880       0xd8 ./Middlewares/Third_Party/FreeRTOS/Source/list.o
 .debug_frame   0x0000000000003958      0x420 ./Middlewares/Third_Party/FreeRTOS/Source/queue.o
 .debug_frame   0x0000000000003d78      0x74c ./Middlewares/Third_Party/FreeRTOS/Source/tasks.o
 .debug_frame   0x00000000000044c4      0x1a8 ./Middlewares/Third_Party/FreeRTOS/Source/portable/GCC/ARM_CM4F/port.o
 .debug_frame   0x000000000000466c      0x12c ./Middlewares/Third_Party/FreeRTOS/Source/portable/MemMang/heap_4.o
 .debug_frame   0x0000000000004798       0x2c c:/st/stm32cubeide_1.10.1/stm32cubeide/plugins/com.st.stm32cube.ide.mcu.externaltools.gnu-tools-for-stm32.10.3-2021.10.win32_1.0.0.202111181127/tools/bin/../lib/gcc/arm-none-eabi/10.3.1/../../../../arm-none-eabi/lib/thumb/v7e-m+fp/hard\libc_nano.a(lib_a-init.o)
 .debug_frame   0x00000000000047c4       0x28 c:/st/stm32cubeide_1.10.1/stm32cubeide/plugins/com.st.stm32cube.ide.mcu.externaltools.gnu-tools-for-stm32.10.3-2021.10.win32_1.0.0.202111181127/tools/bin/../lib/gcc/arm-none-eabi/10.3.1/../../../../arm-none-eabi/lib/thumb/v7e-m+fp/hard\libc_nano.a(lib_a-memcpy-stub.o)
 .debug_frame   0x00000000000047ec       0x20 c:/st/stm32cubeide_1.10.1/stm32cubeide/plugins/com.st.stm32cube.ide.mcu.externaltools.gnu-tools-for-stm32.10.3-2021.10.win32_1.0.0.202111181127/tools/bin/../lib/gcc/arm-none-eabi/10.3.1/../../../../arm-none-eabi/lib/thumb/v7e-m+fp/hard\libc_nano.a(lib_a-memset.o)
 .debug_frame   0x000000000000480c       0x2c c:/st/stm32cubeide_1.10.1/stm32cubeide/plugins/com.st.stm32cube.ide.mcu.externaltools.gnu-tools-for-stm32.10.3-2021.10.win32_1.0.0.202111181127/tools/bin/../lib/gcc/arm-none-eabi/10.3.1/thumb/v7e-m+fp/hard\libgcc.a(_aeabi_uldivmod.o)
 .debug_frame   0x0000000000004838       0x34 c:/st/stm32cubeide_1.10.1/stm32cubeide/plugins/com.st.stm32cube.ide.mcu.externaltools.gnu-tools-for-stm32.10.3-2021.10.win32_1.0.0.202111181127/tools/bin/../lib/gcc/arm-none-eabi/10.3.1/thumb/v7e-m+fp/hard\libgcc.a(_udivmoddi4.o)
